Archive member included to satisfy reference by file (symbol)

.pio/build/blackpill_f411ce/lib2d5/libAccelStepper.a(AccelStepper.cpp.o)
                              .pio/build/blackpill_f411ce/src/functions.cpp.o (AccelStepper::moveTo(long))
.pio/build/blackpill_f411ce/libFrameworkArduino.a(Print.cpp.o)
                              .pio/build/blackpill_f411ce/src/verificarSerial.cpp.o (Print::print(String const&))
.pio/build/blackpill_f411ce/libFrameworkArduino.a(Stream.cpp.o)
                              .pio/build/blackpill_f411ce/src/verificarSerial.cpp.o (Stream::readStringUntil(char))
.pio/build/blackpill_f411ce/libFrameworkArduino.a(WString.cpp.o)
                              .pio/build/blackpill_f411ce/src/verificarSerial.cpp.o (String::~String())
.pio/build/blackpill_f411ce/libFrameworkArduino.a(dtostrf.c.o)
                              .pio/build/blackpill_f411ce/libFrameworkArduino.a(WString.cpp.o) (dtostrf)
.pio/build/blackpill_f411ce/libFrameworkArduino.a(hooks.c.o)
                              .pio/build/blackpill_f411ce/lib2d5/libAccelStepper.a(AccelStepper.cpp.o) (yield)
.pio/build/blackpill_f411ce/libFrameworkArduino.a(itoa.c.o)
                              .pio/build/blackpill_f411ce/libFrameworkArduino.a(WString.cpp.o) (ltoa)
.pio/build/blackpill_f411ce/libFrameworkArduino.a(main.cpp.o)
                              c:/users/lm2cc/.platformio/packages/toolchain-gccarmnoneeabi/bin/../lib/gcc/arm-none-eabi/12.3.1/../../../../arm-none-eabi/lib/thumb/v7e-m+fp/hard/crt0.o (main)
.pio/build/blackpill_f411ce/libFrameworkArduino.a(startup_stm32yyxx.S.o)
                              (Reset_Handler)
.pio/build/blackpill_f411ce/libFrameworkArduino.a(wiring_digital.c.o)
                              .pio/build/blackpill_f411ce/src/functions.cpp.o (pinMode)
.pio/build/blackpill_f411ce/libFrameworkArduino.a(wiring_time.c.o)
                              .pio/build/blackpill_f411ce/USBDevice/src/USBSerial.cpp.o (millis)
.pio/build/blackpill_f411ce/libFrameworkArduino.a(WSerial.cpp.o)
                              .pio/build/blackpill_f411ce/libFrameworkArduino.a(main.cpp.o) (serialEventRun())
.pio/build/blackpill_f411ce/libFrameworkArduino.a(board.c.o)
                              .pio/build/blackpill_f411ce/libFrameworkArduino.a(main.cpp.o) (init)
.pio/build/blackpill_f411ce/libFrameworkArduino.a(wiring_analog.c.o)
                              .pio/build/blackpill_f411ce/libFrameworkArduino.a(wiring_digital.c.o) (g_anOutputPinConfigured)
.pio/build/blackpill_f411ce/libFrameworkArduino.a(HardwareSerial.cpp.o)
                              .pio/build/blackpill_f411ce/libFrameworkArduino.a(WSerial.cpp.o) (HardwareSerial::available())
.pio/build/blackpill_f411ce/libFrameworkArduino.a(pins_arduino.c.o)
                              .pio/build/blackpill_f411ce/libFrameworkArduino.a(wiring_analog.c.o) (analogInputToPinName)
c:/users/lm2cc/.platformio/packages/toolchain-gccarmnoneeabi/bin/../lib/gcc/arm-none-eabi/12.3.1/thumb/v7e-m+fp/hard\libgcc.a(_arm_muldf3.o)
                              .pio/build/blackpill_f411ce/SrcWrapper/src/HardwareTimer.cpp.o (__aeabi_dmul)
c:/users/lm2cc/.platformio/packages/toolchain-gccarmnoneeabi/bin/../lib/gcc/arm-none-eabi/12.3.1/thumb/v7e-m+fp/hard\libgcc.a(_arm_addsubdf3.o)
                              .pio/build/blackpill_f411ce/src/functions.cpp.o (__aeabi_dsub)
c:/users/lm2cc/.platformio/packages/toolchain-gccarmnoneeabi/bin/../lib/gcc/arm-none-eabi/12.3.1/thumb/v7e-m+fp/hard\libgcc.a(_arm_muldivdf3.o)
                              .pio/build/blackpill_f411ce/SrcWrapper/src/HardwareTimer.cpp.o (__aeabi_ddiv)
c:/users/lm2cc/.platformio/packages/toolchain-gccarmnoneeabi/bin/../lib/gcc/arm-none-eabi/12.3.1/thumb/v7e-m+fp/hard\libgcc.a(_arm_cmpdf2.o)
                              .pio/build/blackpill_f411ce/libFrameworkArduino.a(Print.cpp.o) (__aeabi_dcmplt)
c:/users/lm2cc/.platformio/packages/toolchain-gccarmnoneeabi/bin/../lib/gcc/arm-none-eabi/12.3.1/thumb/v7e-m+fp/hard\libgcc.a(_arm_unorddf2.o)
                              .pio/build/blackpill_f411ce/libFrameworkArduino.a(Print.cpp.o) (__aeabi_dcmpun)
c:/users/lm2cc/.platformio/packages/toolchain-gccarmnoneeabi/bin/../lib/gcc/arm-none-eabi/12.3.1/thumb/v7e-m+fp/hard\libgcc.a(_arm_fixdfsi.o)
                              .pio/build/blackpill_f411ce/src/functions.cpp.o (__aeabi_d2iz)
c:/users/lm2cc/.platformio/packages/toolchain-gccarmnoneeabi/bin/../lib/gcc/arm-none-eabi/12.3.1/thumb/v7e-m+fp/hard\libgcc.a(_arm_fixunsdfsi.o)
                              .pio/build/blackpill_f411ce/SrcWrapper/src/HardwareTimer.cpp.o (__aeabi_d2uiz)
c:/users/lm2cc/.platformio/packages/toolchain-gccarmnoneeabi/bin/../lib/gcc/arm-none-eabi/12.3.1/thumb/v7e-m+fp/hard\libgcc.a(_arm_truncdfsf2.o)
                              .pio/build/blackpill_f411ce/lib2d5/libAccelStepper.a(AccelStepper.cpp.o) (__aeabi_d2f)
[...]
Memory Configuration

Name             Origin             Length             Attributes
*default*        0x00000000         0xffffffff
RAM              0x20000000         0x00020000         xrw
FLASH            0x08000000         0x00080000         xr

Linker script and memory map

                0x20020000                        _estack = (ORIGIN (RAM) + LENGTH (RAM))
                0x00000200                        _Min_Heap_Size = 0x200
                0x00000400                        _Min_Stack_Size = 0x400

.isr_vector     0x08000000      0x198
                0x08000000                        . = ALIGN (0x4)
 *(.isr_vector)
 .isr_vector    0x08000000      0x198 .pio/build/blackpill_f411ce/libFrameworkArduino.a(startup_stm32yyxx.S.o)
                0x08000000                g_pfnVectors
                0x08000198                        . = ALIGN (0x4)

.text           0x080001a0     0xaa08
                0x080001a0                        . = ALIGN (0x4)
 *(.text)
 .text          0x080001a0      0x378 c:/users/lm2cc/.platformio/packages/toolchain-gccarmnoneeabi/bin/../lib/gcc/arm-none-eabi/12.3.1/thumb/v7e-m+fp/hard\libgcc.a(_arm_addsubdf3.o)
                0x080001a0                __aeabi_drsub
                0x080001a8                __aeabi_dsub
                0x080001a8                __subdf3
                0x080001ac                __aeabi_dadd
                0x080001ac                __adddf3
                0x08000424                __floatunsidf
                0x08000424                __aeabi_ui2d
                0x08000444                __floatsidf
                0x08000444                __aeabi_i2d
                0x08000468                __aeabi_f2d
                0x08000468                __extendsfdf2
                0x080004ac                __floatundidf
                0x080004ac                __aeabi_ul2d
                0x080004bc                __floatdidf
                0x080004bc                __aeabi_l2d
 .text          0x08000518      0x424 c:/users/lm2cc/.platformio/packages/toolchain-gccarmnoneeabi/bin/../lib/gcc/arm-none-eabi/12.3.1/thumb/v7e-m+fp/hard\libgcc.a(_arm_muldivdf3.o)
                0x08000518                __aeabi_dmul
                0x08000518                __muldf3
                0x0800076c                __divdf3
                0x0800076c                __aeabi_ddiv
 .text          0x0800093c      0x110 c:/users/lm2cc/.platformio/packages/toolchain-gccarmnoneeabi/bin/../lib/gcc/arm-none-eabi/12.3.1/thumb/v7e-m+fp/hard\libgcc.a(_arm_cmpdf2.o)
                0x0800093c                __gtdf2
                0x0800093c                __gedf2
                0x08000944                __ltdf2
                0x08000944                __ledf2
                0x0800094c                __nedf2
                0x0800094c                __eqdf2
                0x0800094c                __cmpdf2
                0x080009c8                __aeabi_cdrcmple
                0x080009d8                __aeabi_cdcmpeq
                0x080009d8                __aeabi_cdcmple
                0x080009e8                __aeabi_dcmpeq
                0x080009fc                __aeabi_dcmplt
                0x08000a10                __aeabi_dcmple
                0x08000a24                __aeabi_dcmpge
                0x08000a38                __aeabi_dcmpgt
 .text          0x08000a4c       0x2c c:/users/lm2cc/.platformio/packages/toolchain-gccarmnoneeabi/bin/../lib/gcc/arm-none-eabi/12.3.1/thumb/v7e-m+fp/hard\libgcc.a(_arm_unorddf2.o)
                0x08000a4c                __unorddf2
                0x08000a4c                __aeabi_dcmpun
 .text          0x08000a78       0x50 c:/users/lm2cc/.platformio/packages/toolchain-gccarmnoneeabi/bin/../lib/gcc/arm-none-eabi/12.3.1/thumb/v7e-m+fp/hard\libgcc.a(_arm_fixdfsi.o)
                0x08000a78                __aeabi_d2iz
                0x08000a78                __fixdfsi
 .text          0x08000ac8       0x40 c:/users/lm2cc/.platformio/packages/toolchain-gccarmnoneeabi/bin/../lib/gcc/arm-none-eabi/12.3.1/thumb/v7e-m+fp/hard\libgcc.a(_arm_fixunsdfsi.o)
                0x08000ac8                __aeabi_d2uiz
                0x08000ac8                __fixunsdfsi
 .text          0x08000b08       0xa0 c:/users/lm2cc/.platformio/packages/toolchain-gccarmnoneeabi/bin/../lib/gcc/arm-none-eabi/12.3.1/thumb/v7e-m+fp/hard\libgcc.a(_arm_truncdfsf2.o)
                0x08000b08                __truncdfsf2
                0x08000b08                __aeabi_d2f
 .text          0x08000ba8       0x30 c:/users/lm2cc/.platformio/packages/toolchain-gccarmnoneeabi/bin/../lib/gcc/arm-none-eabi/12.3.1/thumb/v7e-m+fp/hard\libgcc.a(_aeabi_uldivmod.o)
                0x08000ba8                __aeabi_uldivmod
 .text          0x08000bd8        0x4 c:/users/lm2cc/.platformio/packages/toolchain-gccarmnoneeabi/bin/../lib/gcc/arm-none-eabi/12.3.1/thumb/v7e-m+fp/hard\libgcc.a(_dvmd_tls.o)
                0x08000bd8                __aeabi_idiv0
                0x08000bd8                __aeabi_ldiv0
 .text          0x08000bdc       0x14 c:/users/lm2cc/.platformio/packages/toolchain-gccarmnoneeabi/bin/../lib/gcc/arm-none-eabi/12.3.1/../../../../arm-none-eabi/lib/thumb/v7e-m+fp/hard\libc_nano.a(libc_a-strcmp.o)
                0x08000bdc                strcmp
 .text          0x08000bf0       0x10 c:/users/lm2cc/.platformio/packages/toolchain-gccarmnoneeabi/bin/../lib/gcc/arm-none-eabi/12.3.1/../../../../arm-none-eabi/lib/thumb/v7e-m+fp/hard\libc_nano.a(libc_a-strlen.o)
                0x08000bf0                strlen
 .text          0x08000c00       0xa0 c:/users/lm2cc/.platformio/packages/toolchain-gccarmnoneeabi/bin/../lib/gcc/arm-none-eabi/12.3.1/../../../../arm-none-eabi/lib/thumb/v7e-m+fp/hard\libc_nano.a(libc_a-memchr.o)
                0x08000c00                memchr
 *(.text*)
 .text.__do_global_dtors_aux
                0x08000ca0       0x24 c:/users/lm2cc/.platformio/packages/toolchain-gccarmnoneeabi/bin/../lib/gcc/arm-none-eabi/12.3.1/thumb/v7e-m+fp/hard/crtbegin.o
 .text.frame_dummy
                0x08000cc4       0x1c c:/users/lm2cc/.platformio/packages/toolchain-gccarmnoneeabi/bin/../lib/gcc/arm-none-eabi/12.3.1/thumb/v7e-m+fp/hard/crtbegin.o
 .text._ZN9USBSerial5writeEh
                0x08000ce0       0x18 .pio/build/blackpill_f411ce/USBDevice/src/USBSerial.cpp.o
                0x08000ce0                USBSerial::write(unsigned char)
 .text._ZN9USBSerial17availableForWriteEv
                0x08000cf8        0xc .pio/build/blackpill_f411ce/USBDevice/src/USBSerial.cpp.o
                0x08000cf8                USBSerial::availableForWrite()
 .text._ZN9USBSerial5writeEPKhj
                0x08000d04       0x48 .pio/build/blackpill_f411ce/USBDevice/src/USBSerial.cpp.o
                0x08000d04                USBSerial::write(unsigned char const*, unsigned int)
 .text._ZN9USBSerial9availableEv
                0x08000d4c        0xc .pio/build/blackpill_f411ce/USBDevice/src/USBSerial.cpp.o
                0x08000d4c                USBSerial::available()
 .text._ZN9USBSerial4readEv
                0x08000d58       0x18 .pio/build/blackpill_f411ce/USBDevice/src/USBSerial.cpp.o
                0x08000d58                USBSerial::read()
 .text._ZN9USBSerial9readBytesEPcj
                0x08000d70       0x4c .pio/build/blackpill_f411ce/USBDevice/src/USBSerial.cpp.o
                0x08000d70                USBSerial::readBytes(char*, unsigned int)
 .text._ZN9USBSerial14readBytesUntilEcPcj
                0x08000dbc       0x68 .pio/build/blackpill_f411ce/USBDevice/src/USBSerial.cpp.o
                0x08000dbc                USBSerial::readBytesUntil(char, char*, unsigned int)
 .text._ZN9USBSerial4peekEv
                0x08000e24        0xc .pio/build/blackpill_f411ce/USBDevice/src/USBSerial.cpp.o
                0x08000e24                USBSerial::peek()
 .text._ZN9USBSerial5flushEv
                0x08000e30       0x14 .pio/build/blackpill_f411ce/USBDevice/src/USBSerial.cpp.o
                0x08000e30                USBSerial::flush()
 .text._ZN9USBSerial5beginEm
                0x08000e44        0x4 .pio/build/blackpill_f411ce/USBDevice/src/USBSerial.cpp.o
                0x08000e44                USBSerial::begin(unsigned long)
 .text.startup._GLOBAL__sub_I_SerialUSB
                0x08000e48       0x1c .pio/build/blackpill_f411ce/USBDevice/src/USBSerial.cpp.o
 .text.CDC_TransmitQueue_Init
                0x08000e64        0xc .pio/build/blackpill_f411ce/USBDevice/src/cdc/cdc_queue.c.o
                0x08000e64                CDC_TransmitQueue_Init
 .text.CDC_TransmitQueue_WriteSize
                0x08000e70       0x20 .pio/build/blackpill_f411ce/USBDevice/src/cdc/cdc_queue.c.o
                0x08000e70                CDC_TransmitQueue_WriteSize
 .text.CDC_TransmitQueue_ReadSize
                0x08000e90       0x22 .pio/build/blackpill_f411ce/USBDevice/src/cdc/cdc_queue.c.o
                0x08000e90                CDC_TransmitQueue_ReadSize
 .text.CDC_TransmitQueue_Enqueue
                0x08000eb2       0x46 .pio/build/blackpill_f411ce/USBDevice/src/cdc/cdc_queue.c.o
                0x08000eb2                CDC_TransmitQueue_Enqueue
 .text.CDC_TransmitQueue_ReadBlock
                0x08000ef8       0x36 .pio/build/blackpill_f411ce/USBDevice/src/cdc/cdc_queue.c.o
                0x08000ef8                CDC_TransmitQueue_ReadBlock
 .text.CDC_TransmitQueue_CommitRead
                0x08000f2e       0x14 .pio/build/blackpill_f411ce/USBDevice/src/cdc/cdc_queue.c.o
                0x08000f2e                CDC_TransmitQueue_CommitRead
 .text.CDC_ReceiveQueue_Init
                0x08000f42       0x12 .pio/build/blackpill_f411ce/USBDevice/src/cdc/cdc_queue.c.o
                0x08000f42                CDC_ReceiveQueue_Init
 .text.CDC_ReceiveQueue_ReserveBlock
                0x08000f54       0x74 .pio/build/blackpill_f411ce/USBDevice/src/cdc/cdc_queue.c.o
                0x08000f54                CDC_ReceiveQueue_ReserveBlock
 .text.CDC_ReceiveQueue_CommitBlock
                0x08000fc8       0x36 .pio/build/blackpill_f411ce/USBDevice/src/cdc/cdc_queue.c.o
                0x08000fc8                CDC_ReceiveQueue_CommitBlock
 .text.CDC_ReceiveQueue_ReadSize
                0x08000ffe       0x50 .pio/build/blackpill_f411ce/USBDevice/src/cdc/cdc_queue.c.o
                0x08000ffe                CDC_ReceiveQueue_ReadSize
 .text.CDC_ReceiveQueue_Dequeue
                0x0800104e       0x6e .pio/build/blackpill_f411ce/USBDevice/src/cdc/cdc_queue.c.o
                0x0800104e                CDC_ReceiveQueue_Dequeue
 .text.CDC_ReceiveQueue_Peek
                0x080010bc       0x4c .pio/build/blackpill_f411ce/USBDevice/src/cdc/cdc_queue.c.o
                0x080010bc                CDC_ReceiveQueue_Peek
 .text.CDC_ReceiveQueue_Read
                0x08001108       0x90 .pio/build/blackpill_f411ce/USBDevice/src/cdc/cdc_queue.c.o
                0x08001108                CDC_ReceiveQueue_Read
 .text.CDC_ReceiveQueue_ReadUntil
                0x08001198       0xd0 .pio/build/blackpill_f411ce/USBDevice/src/cdc/cdc_queue.c.o
                0x08001198                CDC_ReceiveQueue_ReadUntil
 .text.USBD_CDC_EP0_RxReady
                0x08001268       0x38 .pio/build/blackpill_f411ce/USBDevice/src/cdc/usbd_cdc.c.o
 .text.USBD_CDC_GetDeviceQualifierDescriptor
                0x080012a0        0xc .pio/build/blackpill_f411ce/USBDevice/src/cdc/usbd_cdc.c.o
                0x080012a0                USBD_CDC_GetDeviceQualifierDescriptor
 .text.USBD_CDC_GetOtherSpeedCfgDesc
                0x080012ac       0x48 .pio/build/blackpill_f411ce/USBDevice/src/cdc/usbd_cdc.c.o
 .text.USBD_CDC_GetFSCfgDesc
                0x080012f4       0x48 .pio/build/blackpill_f411ce/USBDevice/src/cdc/usbd_cdc.c.o
 .text.USBD_CDC_GetHSCfgDesc
                0x0800133c       0x48 .pio/build/blackpill_f411ce/USBDevice/src/cdc/usbd_cdc.c.o
 .text.USBD_CDC_DataOut
                0x08001384       0x38 .pio/build/blackpill_f411ce/USBDevice/src/cdc/usbd_cdc.c.o
 .text.USBD_CDC_DataIn
                0x080013bc       0x64 .pio/build/blackpill_f411ce/USBDevice/src/cdc/usbd_cdc.c.o
 .text.USBD_CDC_Setup
                0x08001420       0xf0 .pio/build/blackpill_f411ce/USBDevice/src/cdc/usbd_cdc.c.o
 .text.USBD_CDC_DeInit
                0x08001510       0x4e .pio/build/blackpill_f411ce/USBDevice/src/cdc/usbd_cdc.c.o
 *fill*         0x0800155e        0x2 
 .text.USBD_CDC_Init
                0x08001560       0xbc .pio/build/blackpill_f411ce/USBDevice/src/cdc/usbd_cdc.c.o
 .text.USBD_CDC_RegisterInterface
                0x0800161c       0x16 .pio/build/blackpill_f411ce/USBDevice/src/cdc/usbd_cdc.c.o
                0x0800161c                USBD_CDC_RegisterInterface
 .text.USBD_CDC_SetTxBuffer
                0x08001632       0x1c .pio/build/blackpill_f411ce/USBDevice/src/cdc/usbd_cdc.c.o
                0x08001632                USBD_CDC_SetTxBuffer
 .text.USBD_CDC_SetRxBuffer
                0x0800164e       0x18 .pio/build/blackpill_f411ce/USBDevice/src/cdc/usbd_cdc.c.o
                0x0800164e                USBD_CDC_SetRxBuffer
 .text.USBD_CDC_TransmitPacket
                0x08001666       0x36 .pio/build/blackpill_f411ce/USBDevice/src/cdc/usbd_cdc.c.o
                0x08001666                USBD_CDC_TransmitPacket
 .text.USBD_CDC_ReceivePacket
                0x0800169c       0x2c .pio/build/blackpill_f411ce/USBDevice/src/cdc/usbd_cdc.c.o
                0x0800169c                USBD_CDC_ReceivePacket
 .text.USBD_CDC_ClearBuffer
                0x080016c8       0x20 .pio/build/blackpill_f411ce/USBDevice/src/cdc/usbd_cdc.c.o
                0x080016c8                USBD_CDC_ClearBuffer
 .text.USBD_CDC_DeInit
                0x080016e8        0x4 .pio/build/blackpill_f411ce/USBDevice/src/cdc/usbd_cdc_if.c.o
 .text.USBD_CDC_Control
                0x080016ec       0x84 .pio/build/blackpill_f411ce/USBDevice/src/cdc/usbd_cdc_if.c.o
 .text.USBD_CDC_Init
                0x08001770       0x38 .pio/build/blackpill_f411ce/USBDevice/src/cdc/usbd_cdc_if.c.o
 .text.CDC_init
                0x080017a8       0x48 .pio/build/blackpill_f411ce/USBDevice/src/cdc/usbd_cdc_if.c.o
                0x080017a8                CDC_init
 .text.CDC_connected
                0x080017f0       0x40 .pio/build/blackpill_f411ce/USBDevice/src/cdc/usbd_cdc_if.c.o
                0x080017f0                CDC_connected
 .text.CDC_continue_transmit
                0x08001830       0x4c .pio/build/blackpill_f411ce/USBDevice/src/cdc/usbd_cdc_if.c.o
                0x08001830                CDC_continue_transmit
 .text.USBD_CDC_TransmitCplt
                0x0800187c       0x20 .pio/build/blackpill_f411ce/USBDevice/src/cdc/usbd_cdc_if.c.o
 .text.CDC_resume_receive
                0x0800189c       0x38 .pio/build/blackpill_f411ce/USBDevice/src/cdc/usbd_cdc_if.c.o
                0x0800189c                CDC_resume_receive
 .text.USBD_CDC_Receive
                0x080018d4       0x2c .pio/build/blackpill_f411ce/USBDevice/src/cdc/usbd_cdc_if.c.o
 .text.USBD_Init
                0x08001900       0x26 .pio/build/blackpill_f411ce/USBDevice/src/usb_device_core.c.o
                0x08001900                USBD_Init
 .text.USBD_RegisterClass
                0x08001926       0x32 .pio/build/blackpill_f411ce/USBDevice/src/usb_device_core.c.o
                0x08001926                USBD_RegisterClass
 .text.USBD_Start
                0x08001958        0x4 .pio/build/blackpill_f411ce/USBDevice/src/usb_device_core.c.o
                0x08001958                USBD_Start
 .text.USBD_SetClassConfig
                0x0800195c        0xe .pio/build/blackpill_f411ce/USBDevice/src/usb_device_core.c.o
                0x0800195c                USBD_SetClassConfig
 .text.USBD_ClrClassConfig
                0x0800196a       0x12 .pio/build/blackpill_f411ce/USBDevice/src/usb_device_core.c.o
                0x0800196a                USBD_ClrClassConfig
 .text.USBD_LL_SetupStage
                0x0800197c       0x60 .pio/build/blackpill_f411ce/USBDevice/src/usb_device_core.c.o
                0x0800197c                USBD_LL_SetupStage
 .text.USBD_LL_DataOutStage
                0x080019dc       0x6a .pio/build/blackpill_f411ce/USBDevice/src/usb_device_core.c.o
                0x080019dc                USBD_LL_DataOutStage
 .text.USBD_LL_DataInStage
                0x08001a46       0xa6 .pio/build/blackpill_f411ce/USBDevice/src/usb_device_core.c.o
                0x08001a46                USBD_LL_DataInStage
 .text.USBD_LL_Reset
                0x08001aec       0x5e .pio/build/blackpill_f411ce/USBDevice/src/usb_device_core.c.o
                0x08001aec                USBD_LL_Reset
 .text.USBD_LL_SetSpeed
                0x08001b4a        0x6 .pio/build/blackpill_f411ce/USBDevice/src/usb_device_core.c.o
                0x08001b4a                USBD_LL_SetSpeed
 .text.USBD_LL_Suspend
                0x08001b50       0x1c .pio/build/blackpill_f411ce/USBDevice/src/usb_device_core.c.o
                0x08001b50                USBD_LL_Suspend
 .text.USBD_LL_Resume
                0x08001b6c       0x16 .pio/build/blackpill_f411ce/USBDevice/src/usb_device_core.c.o
                0x08001b6c                USBD_LL_Resume
 .text.USBD_LL_SOF
                0x08001b82       0x1a .pio/build/blackpill_f411ce/USBDevice/src/usb_device_core.c.o
                0x08001b82                USBD_LL_SOF
 .text.USBD_LL_IsoINIncomplete
                0x08001b9c       0x26 .pio/build/blackpill_f411ce/USBDevice/src/usb_device_core.c.o
                0x08001b9c                USBD_LL_IsoINIncomplete
 .text.USBD_LL_IsoOUTIncomplete
                0x08001bc2       0x26 .pio/build/blackpill_f411ce/USBDevice/src/usb_device_core.c.o
                0x08001bc2                USBD_LL_IsoOUTIncomplete
 .text.USBD_LL_DevConnected
                0x08001be8        0x4 .pio/build/blackpill_f411ce/USBDevice/src/usb_device_core.c.o
                0x08001be8                USBD_LL_DevConnected
 .text.USBD_LL_DevDisconnected
                0x08001bec       0x20 .pio/build/blackpill_f411ce/USBDevice/src/usb_device_core.c.o
                0x08001bec                USBD_LL_DevDisconnected
 .text.USBD_CoreFindIF
                0x08001c0c        0x4 .pio/build/blackpill_f411ce/USBDevice/src/usb_device_core.c.o
                0x08001c0c                USBD_CoreFindIF
 .text.USBD_CoreFindEP
                0x08001c10        0x4 .pio/build/blackpill_f411ce/USBDevice/src/usb_device_core.c.o
                0x08001c10                USBD_CoreFindEP
 .text.USBD_GetEpDesc
                0x08001c14       0x24 .pio/build/blackpill_f411ce/USBDevice/src/usb_device_core.c.o
                0x08001c14                USBD_GetEpDesc
 .text.USBD_CtlError.constprop.0
                0x08001c38       0x16 .pio/build/blackpill_f411ce/USBDevice/src/usb_device_ctlreq.c.o
 *fill*         0x08001c4e        0x2 
 .text.USBD_StdDevReq
                0x08001c50      0x288 .pio/build/blackpill_f411ce/USBDevice/src/usb_device_ctlreq.c.o
                0x08001c50                USBD_StdDevReq
 .text.USBD_StdItfReq
                0x08001ed8       0x5a .pio/build/blackpill_f411ce/USBDevice/src/usb_device_ctlreq.c.o
                0x08001ed8                USBD_StdItfReq
 .text.USBD_StdEPReq
                0x08001f32      0x13a .pio/build/blackpill_f411ce/USBDevice/src/usb_device_ctlreq.c.o
                0x08001f32                USBD_StdEPReq
 .text.USBD_ParseSetupRequest
                0x0800206c       0x16 .pio/build/blackpill_f411ce/USBDevice/src/usb_device_ctlreq.c.o
                0x0800206c                USBD_ParseSetupRequest
 .text.USBD_CtlError
                0x08002082       0x16 .pio/build/blackpill_f411ce/USBDevice/src/usb_device_ctlreq.c.o
                0x08002082                USBD_CtlError
 .text.USBD_GetString
                0x08002098       0x38 .pio/build/blackpill_f411ce/USBDevice/src/usb_device_ctlreq.c.o
                0x08002098                USBD_GetString
 .text.USBD_CtlSendData
                0x080020d0       0x1a .pio/build/blackpill_f411ce/USBDevice/src/usb_device_ioreq.c.o
                0x080020d0                USBD_CtlSendData
 .text.USBD_CtlContinueSendData
                0x080020ea       0x10 .pio/build/blackpill_f411ce/USBDevice/src/usb_device_ioreq.c.o
                0x080020ea                USBD_CtlContinueSendData
 .text.USBD_CtlPrepareRx
                0x080020fa       0x1a .pio/build/blackpill_f411ce/USBDevice/src/usb_device_ioreq.c.o
                0x080020fa                USBD_CtlPrepareRx
 .text.USBD_CtlContinueRx
                0x08002114       0x10 .pio/build/blackpill_f411ce/USBDevice/src/usb_device_ioreq.c.o
                0x08002114                USBD_CtlContinueRx
 .text.USBD_CtlSendStatus
                0x08002124       0x16 .pio/build/blackpill_f411ce/USBDevice/src/usb_device_ioreq.c.o
                0x08002124                USBD_CtlSendStatus
 .text.USBD_CtlReceiveStatus
                0x0800213a       0x16 .pio/build/blackpill_f411ce/USBDevice/src/usb_device_ioreq.c.o
                0x0800213a                USBD_CtlReceiveStatus
 .text.HAL_PCD_MspInit
                0x08002150       0x98 .pio/build/blackpill_f411ce/USBDevice/src/usbd_conf.c.o
                0x08002150                HAL_PCD_MspInit
 .text.HAL_PCD_SetupStageCallback
                0x080021e8        0xc .pio/build/blackpill_f411ce/USBDevice/src/usbd_conf.c.o
                0x080021e8                HAL_PCD_SetupStageCallback
 .text.HAL_PCD_DataOutStageCallback
                0x080021f4       0x12 .pio/build/blackpill_f411ce/USBDevice/src/usbd_conf.c.o
                0x080021f4                HAL_PCD_DataOutStageCallback
 .text.HAL_PCD_DataInStageCallback
                0x08002206       0x10 .pio/build/blackpill_f411ce/USBDevice/src/usbd_conf.c.o
                0x08002206                HAL_PCD_DataInStageCallback
 .text.HAL_PCD_SOFCallback
                0x08002216        0x8 .pio/build/blackpill_f411ce/USBDevice/src/usbd_conf.c.o
                0x08002216                HAL_PCD_SOFCallback
 .text.HAL_PCD_ResetCallback
                0x0800221e       0x1a .pio/build/blackpill_f411ce/USBDevice/src/usbd_conf.c.o
                0x0800221e                HAL_PCD_ResetCallback
 .text.HAL_PCD_SuspendCallback
                0x08002238       0x30 .pio/build/blackpill_f411ce/USBDevice/src/usbd_conf.c.o
                0x08002238                HAL_PCD_SuspendCallback
 .text.HAL_PCD_ResumeCallback
                0x08002268       0x34 .pio/build/blackpill_f411ce/USBDevice/src/usbd_conf.c.o
                0x08002268                HAL_PCD_ResumeCallback
 .text.HAL_PCD_ISOOUTIncompleteCallback
                0x0800229c        0x8 .pio/build/blackpill_f411ce/USBDevice/src/usbd_conf.c.o
                0x0800229c                HAL_PCD_ISOOUTIncompleteCallback
 .text.HAL_PCD_ISOINIncompleteCallback
                0x080022a4        0x8 .pio/build/blackpill_f411ce/USBDevice/src/usbd_conf.c.o
                0x080022a4                HAL_PCD_ISOINIncompleteCallback
 .text.HAL_PCD_ConnectCallback
                0x080022ac        0x8 .pio/build/blackpill_f411ce/USBDevice/src/usbd_conf.c.o
                0x080022ac                HAL_PCD_ConnectCallback
 .text.HAL_PCD_DisconnectCallback
                0x080022b4        0x8 .pio/build/blackpill_f411ce/USBDevice/src/usbd_conf.c.o
                0x080022b4                HAL_PCD_DisconnectCallback
 .text.OTG_FS_IRQHandler
                0x080022bc        0xc .pio/build/blackpill_f411ce/USBDevice/src/usbd_conf.c.o
                0x080022bc                OTG_FS_IRQHandler
 .text.OTG_FS_WKUP_IRQHandler
                0x080022c8       0x3c .pio/build/blackpill_f411ce/USBDevice/src/usbd_conf.c.o
                0x080022c8                OTG_FS_WKUP_IRQHandler
 .text.USBD_LL_Init
                0x08002304       0x64 .pio/build/blackpill_f411ce/USBDevice/src/usbd_conf.c.o
                0x08002304                USBD_LL_Init
 .text.USBD_LL_Start
                0x08002368        0xe .pio/build/blackpill_f411ce/USBDevice/src/usbd_conf.c.o
                0x08002368                USBD_LL_Start
 .text.USBD_LL_OpenEP
                0x08002376       0x14 .pio/build/blackpill_f411ce/USBDevice/src/usbd_conf.c.o
                0x08002376                USBD_LL_OpenEP
 .text.USBD_LL_CloseEP
                0x0800238a        0xe .pio/build/blackpill_f411ce/USBDevice/src/usbd_conf.c.o
                0x0800238a                USBD_LL_CloseEP
 .text.USBD_LL_StallEP
                0x08002398        0xe .pio/build/blackpill_f411ce/USBDevice/src/usbd_conf.c.o
                0x08002398                USBD_LL_StallEP
 .text.USBD_LL_ClearStallEP
                0x080023a6        0xe .pio/build/blackpill_f411ce/USBDevice/src/usbd_conf.c.o
                0x080023a6                USBD_LL_ClearStallEP
 .text.USBD_LL_IsStallEP
                0x080023b4       0x24 .pio/build/blackpill_f411ce/USBDevice/src/usbd_conf.c.o
                0x080023b4                USBD_LL_IsStallEP
 .text.USBD_LL_SetUSBAddress
                0x080023d8        0xe .pio/build/blackpill_f411ce/USBDevice/src/usbd_conf.c.o
                0x080023d8                USBD_LL_SetUSBAddress
 .text.USBD_LL_Transmit
                0x080023e6        0xe .pio/build/blackpill_f411ce/USBDevice/src/usbd_conf.c.o
                0x080023e6                USBD_LL_Transmit
 .text.USBD_LL_PrepareReceive
                0x080023f4        0xe .pio/build/blackpill_f411ce/USBDevice/src/usbd_conf.c.o
                0x080023f4                USBD_LL_PrepareReceive
 .text.USBD_LL_GetRxDataSize
                0x08002402        0x8 .pio/build/blackpill_f411ce/USBDevice/src/usbd_conf.c.o
                0x08002402                USBD_LL_GetRxDataSize
 *fill*         0x0800240a        0x2 
 .text.USBD_Class_DeviceDescriptor
                0x0800240c        0xc .pio/build/blackpill_f411ce/USBDevice/src/usbd_desc.c.o
                0x0800240c                USBD_Class_DeviceDescriptor
 .text.USBD_LangIDStrDescriptor
                0x08002418        0xc .pio/build/blackpill_f411ce/USBDevice/src/usbd_desc.c.o
                0x08002418                USBD_LangIDStrDescriptor
 .text.USBD_Class_UserStrDescriptor
                0x08002424        0x8 .pio/build/blackpill_f411ce/USBDevice/src/usbd_desc.c.o
                0x08002424                USBD_Class_UserStrDescriptor
 .text.IntToUnicode
                0x0800242c       0x2a .pio/build/blackpill_f411ce/USBDevice/src/usbd_desc.c.o
 *fill*         0x08002456        0x2 
 .text.USBD_SerialStrDescriptor
                0x08002458       0x3c .pio/build/blackpill_f411ce/USBDevice/src/usbd_desc.c.o
                0x08002458                USBD_SerialStrDescriptor
 .text.USBD_ManufacturerStrDescriptor
                0x08002494       0x1c .pio/build/blackpill_f411ce/USBDevice/src/usbd_desc.c.o
                0x08002494                USBD_ManufacturerStrDescriptor
 .text.USBD_Class_ProductStrDescriptor
                0x080024b0       0x24 .pio/build/blackpill_f411ce/USBDevice/src/usbd_desc.c.o
                0x080024b0                USBD_Class_ProductStrDescriptor
 .text.USBD_Class_ConfigStrDescriptor
                0x080024d4       0x1c .pio/build/blackpill_f411ce/USBDevice/src/usbd_desc.c.o
                0x080024d4                USBD_Class_ConfigStrDescriptor
 .text.USBD_Class_InterfaceStrDescriptor
                0x080024f0       0x1c .pio/build/blackpill_f411ce/USBDevice/src/usbd_desc.c.o
                0x080024f0                USBD_Class_InterfaceStrDescriptor
 .text.USBD_reenumerate
                0x0800250c       0x1c .pio/build/blackpill_f411ce/USBDevice/src/usbd_if.c.o
                0x0800250c                USBD_reenumerate
 .text.USBD_CDC_init
                0x08002528        0x4 .pio/build/blackpill_f411ce/USBDevice/src/usbd_if.c.o
                0x08002528                USBD_CDC_init
 .text.USBD_SystemClockConfigFromResume
                0x0800252c        0xe .pio/build/blackpill_f411ce/USBDevice/src/usbd_if.c.o
                0x0800252c                USBD_SystemClockConfigFromResume
 *fill*         0x0800253a        0x2 
 .text.SystemClock_Config
                0x0800253c       0x9c .pio/build/blackpill_f411ce/FrameworkArduinoVariant/variant_BLACKPILL_F411CE.cpp.o
                0x0800253c                SystemClock_Config
 .text.HAL_MspInit
                0x080025d8        0x2 .pio/build/blackpill_f411ce/SrcWrapper/src/HAL/stm32yyxx_hal.c.o
                0x080025d8                HAL_MspInit
 *fill*         0x080025da        0x2 
 .text.HAL_InitTick
                0x080025dc       0x48 .pio/build/blackpill_f411ce/SrcWrapper/src/HAL/stm32yyxx_hal.c.o
                0x080025dc                HAL_InitTick
 .text.HAL_Init
                0x08002624       0x34 .pio/build/blackpill_f411ce/SrcWrapper/src/HAL/stm32yyxx_hal.c.o
                0x08002624                HAL_Init
 .text.HAL_IncTick
                0x08002658       0x18 .pio/build/blackpill_f411ce/SrcWrapper/src/HAL/stm32yyxx_hal.c.o
                0x08002658                HAL_IncTick
 .text.HAL_GetTick
                0x08002670        0xc .pio/build/blackpill_f411ce/SrcWrapper/src/HAL/stm32yyxx_hal.c.o
                0x08002670                HAL_GetTick
 .text.HAL_Delay
                0x0800267c       0x28 .pio/build/blackpill_f411ce/SrcWrapper/src/HAL/stm32yyxx_hal.c.o
                0x0800267c                HAL_Delay
 .text.HAL_NVIC_SetPriorityGrouping
                0x080026a4       0x24 .pio/build/blackpill_f411ce/SrcWrapper/src/HAL/stm32yyxx_hal_cortex.c.o
                0x080026a4                HAL_NVIC_SetPriorityGrouping
 .text.HAL_NVIC_SetPriority
                0x080026c8       0x64 .pio/build/blackpill_f411ce/SrcWrapper/src/HAL/stm32yyxx_hal_cortex.c.o
                0x080026c8                HAL_NVIC_SetPriority
 .text.HAL_NVIC_EnableIRQ
                0x0800272c       0x1c .pio/build/blackpill_f411ce/SrcWrapper/src/HAL/stm32yyxx_hal_cortex.c.o
                0x0800272c                HAL_NVIC_EnableIRQ
 .text.HAL_NVIC_DisableIRQ
                0x08002748       0x24 .pio/build/blackpill_f411ce/SrcWrapper/src/HAL/stm32yyxx_hal_cortex.c.o
                0x08002748                HAL_NVIC_DisableIRQ
 .text.HAL_SYSTICK_Config
                0x0800276c       0x28 .pio/build/blackpill_f411ce/SrcWrapper/src/HAL/stm32yyxx_hal_cortex.c.o
                0x0800276c                HAL_SYSTICK_Config
 .text.HAL_NVIC_ClearPendingIRQ
                0x08002794       0x1c .pio/build/blackpill_f411ce/SrcWrapper/src/HAL/stm32yyxx_hal_cortex.c.o
                0x08002794                HAL_NVIC_ClearPendingIRQ
 .text.HAL_SYSTICK_Callback
                0x080027b0        0x2 .pio/build/blackpill_f411ce/SrcWrapper/src/HAL/stm32yyxx_hal_cortex.c.o
                0x080027b0                HAL_SYSTICK_Callback
 .text.HAL_SYSTICK_IRQHandler
                0x080027b2        0x8 .pio/build/blackpill_f411ce/SrcWrapper/src/HAL/stm32yyxx_hal_cortex.c.o
                0x080027b2                HAL_SYSTICK_IRQHandler
 .text.HAL_CRC_MspInit
                0x080027ba        0x2 .pio/build/blackpill_f411ce/SrcWrapper/src/HAL/stm32yyxx_hal_crc.c.o
                0x080027ba                HAL_CRC_MspInit
 .text.HAL_CRC_Init
                0x080027bc       0x20 .pio/build/blackpill_f411ce/SrcWrapper/src/HAL/stm32yyxx_hal_crc.c.o
                0x080027bc                HAL_CRC_Init
 .text.HAL_DMA_Abort
                0x080027dc       0x7c .pio/build/blackpill_f411ce/SrcWrapper/src/HAL/stm32yyxx_hal_dma.c.o
                0x080027dc                HAL_DMA_Abort
 .text.HAL_DMA_Abort_IT
                0x08002858       0x24 .pio/build/blackpill_f411ce/SrcWrapper/src/HAL/stm32yyxx_hal_dma.c.o
                0x08002858                HAL_DMA_Abort_IT
 .text.HAL_GPIO_EXTI_IRQHandler
                0x0800287c       0x18 .pio/build/blackpill_f411ce/SrcWrapper/src/HAL/stm32yyxx_hal_gpio.c.o
                0x0800287c                HAL_GPIO_EXTI_IRQHandler
 .text.HAL_PCD_Init
                0x08002894       0xde .pio/build/blackpill_f411ce/SrcWrapper/src/HAL/stm32yyxx_hal_pcd.c.o
                0x08002894                HAL_PCD_Init
 .text.HAL_PCD_Start
                0x08002972       0x3e .pio/build/blackpill_f411ce/SrcWrapper/src/HAL/stm32yyxx_hal_pcd.c.o
                0x08002972                HAL_PCD_Start
 .text.HAL_PCD_SetAddress
                0x080029b0       0x26 .pio/build/blackpill_f411ce/SrcWrapper/src/HAL/stm32yyxx_hal_pcd.c.o
                0x080029b0                HAL_PCD_SetAddress
 .text.HAL_PCD_EP_Open
                0x080029d6       0x72 .pio/build/blackpill_f411ce/SrcWrapper/src/HAL/stm32yyxx_hal_pcd.c.o
                0x080029d6                HAL_PCD_EP_Open
 .text.HAL_PCD_EP_Close
                0x08002a48       0x5c .pio/build/blackpill_f411ce/SrcWrapper/src/HAL/stm32yyxx_hal_pcd.c.o
                0x08002a48                HAL_PCD_EP_Close
 .text.HAL_PCD_EP_Receive
                0x08002aa4       0x3c .pio/build/blackpill_f411ce/SrcWrapper/src/HAL/stm32yyxx_hal_pcd.c.o
                0x08002aa4                HAL_PCD_EP_Receive
 .text.HAL_PCD_EP_GetRxCount
                0x08002ae0       0x10 .pio/build/blackpill_f411ce/SrcWrapper/src/HAL/stm32yyxx_hal_pcd.c.o
                0x08002ae0                HAL_PCD_EP_GetRxCount
 .text.HAL_PCD_EP_Transmit
                0x08002af0       0x36 .pio/build/blackpill_f411ce/SrcWrapper/src/HAL/stm32yyxx_hal_pcd.c.o
                0x08002af0                HAL_PCD_EP_Transmit
 .text.HAL_PCD_EP_SetStall
                0x08002b26       0x6e .pio/build/blackpill_f411ce/SrcWrapper/src/HAL/stm32yyxx_hal_pcd.c.o
                0x08002b26                HAL_PCD_EP_SetStall
 .text.HAL_PCD_EP_ClrStall
                0x08002b94       0x6a .pio/build/blackpill_f411ce/SrcWrapper/src/HAL/stm32yyxx_hal_pcd.c.o
                0x08002b94                HAL_PCD_EP_ClrStall
 .text.HAL_PCD_EP_Abort
                0x08002bfe       0x20 .pio/build/blackpill_f411ce/SrcWrapper/src/HAL/stm32yyxx_hal_pcd.c.o
                0x08002bfe                HAL_PCD_EP_Abort
 *fill*         0x08002c1e        0x2 
 .text.HAL_PCD_IRQHandler
                0x08002c20      0x68c .pio/build/blackpill_f411ce/SrcWrapper/src/HAL/stm32yyxx_hal_pcd.c.o
                0x08002c20                HAL_PCD_IRQHandler
 .text.HAL_PCDEx_SetTxFiFo
                0x080032ac       0x3e .pio/build/blackpill_f411ce/SrcWrapper/src/HAL/stm32yyxx_hal_pcd_ex.c.o
                0x080032ac                HAL_PCDEx_SetTxFiFo
 .text.HAL_PCDEx_SetRxFiFo
                0x080032ea        0x8 .pio/build/blackpill_f411ce/SrcWrapper/src/HAL/stm32yyxx_hal_pcd_ex.c.o
                0x080032ea                HAL_PCDEx_SetRxFiFo
 .text.HAL_PCDEx_LPM_Callback
                0x080032f2        0x2 .pio/build/blackpill_f411ce/SrcWrapper/src/HAL/stm32yyxx_hal_pcd_ex.c.o
                0x080032f2                HAL_PCDEx_LPM_Callback
 .text.HAL_RCC_OscConfig
                0x080032f4      0x35c .pio/build/blackpill_f411ce/SrcWrapper/src/HAL/stm32yyxx_hal_rcc.c.o
                0x080032f4                HAL_RCC_OscConfig
 .text.HAL_RCC_GetSysClockFreq
                0x08003650       0x5c .pio/build/blackpill_f411ce/SrcWrapper/src/HAL/stm32yyxx_hal_rcc.c.o
                0x08003650                HAL_RCC_GetSysClockFreq
 .text.HAL_RCC_ClockConfig
                0x080036ac      0x134 .pio/build/blackpill_f411ce/SrcWrapper/src/HAL/stm32yyxx_hal_rcc.c.o
                0x080036ac                HAL_RCC_ClockConfig
 .text.HAL_RCC_GetHCLKFreq
                0x080037e0        0xc .pio/build/blackpill_f411ce/SrcWrapper/src/HAL/stm32yyxx_hal_rcc.c.o
                0x080037e0                HAL_RCC_GetHCLKFreq
 .text.HAL_RCC_GetPCLK1Freq
                0x080037ec       0x20 .pio/build/blackpill_f411ce/SrcWrapper/src/HAL/stm32yyxx_hal_rcc.c.o
                0x080037ec                HAL_RCC_GetPCLK1Freq
 .text.HAL_RCC_GetPCLK2Freq
                0x0800380c       0x20 .pio/build/blackpill_f411ce/SrcWrapper/src/HAL/stm32yyxx_hal_rcc.c.o
                0x0800380c                HAL_RCC_GetPCLK2Freq
 .text.HAL_TIM_PWM_PulseFinishedCallback
                0x0800382c        0x2 .pio/build/blackpill_f411ce/SrcWrapper/src/HAL/stm32yyxx_hal_tim.c.o
                0x0800382c                HAL_TIM_PWM_PulseFinishedCallback
 .text.HAL_TIM_TriggerCallback
                0x0800382e        0x2 .pio/build/blackpill_f411ce/SrcWrapper/src/HAL/stm32yyxx_hal_tim.c.o
                0x0800382e                HAL_TIM_TriggerCallback
 .text.HAL_TIM_IRQHandler
                0x08003830      0x128 .pio/build/blackpill_f411ce/SrcWrapper/src/HAL/stm32yyxx_hal_tim.c.o
                0x08003830                HAL_TIM_IRQHandler
 .text.TIM_Base_SetConfig
                0x08003958       0x88 .pio/build/blackpill_f411ce/SrcWrapper/src/HAL/stm32yyxx_hal_tim.c.o
                0x08003958                TIM_Base_SetConfig
 .text.HAL_TIM_Base_Init
                0x080039e0       0x58 .pio/build/blackpill_f411ce/SrcWrapper/src/HAL/stm32yyxx_hal_tim.c.o
                0x080039e0                HAL_TIM_Base_Init
 .text.HAL_TIMEx_CommutCallback
                0x08003a38        0x2 .pio/build/blackpill_f411ce/SrcWrapper/src/HAL/stm32yyxx_hal_tim_ex.c.o
                0x08003a38                HAL_TIMEx_CommutCallback
 .text.HAL_TIMEx_BreakCallback
                0x08003a3a        0x2 .pio/build/blackpill_f411ce/SrcWrapper/src/HAL/stm32yyxx_hal_tim_ex.c.o
                0x08003a3a                HAL_TIMEx_BreakCallback
 .text.UART_EndRxTransfer
                0x08003a3c       0x5c .pio/build/blackpill_f411ce/SrcWrapper/src/HAL/stm32yyxx_hal_uart.c.o
 .text.UART_SetConfig
                0x08003a98       0xbc .pio/build/blackpill_f411ce/SrcWrapper/src/HAL/stm32yyxx_hal_uart.c.o
 .text.UART_WaitOnFlagUntilTimeout.constprop.0
                0x08003b54       0x64 .pio/build/blackpill_f411ce/SrcWrapper/src/HAL/stm32yyxx_hal_uart.c.o
 .text.HAL_UART_MspInit
                0x08003bb8        0x2 .pio/build/blackpill_f411ce/SrcWrapper/src/HAL/stm32yyxx_hal_uart.c.o
                0x08003bb8                HAL_UART_MspInit
 .text.HAL_UART_Init
                0x08003bba       0x5e .pio/build/blackpill_f411ce/SrcWrapper/src/HAL/stm32yyxx_hal_uart.c.o
                0x08003bba                HAL_UART_Init
 .text.HAL_HalfDuplex_Init
                0x08003c18       0x66 .pio/build/blackpill_f411ce/SrcWrapper/src/HAL/stm32yyxx_hal_uart.c.o
                0x08003c18                HAL_HalfDuplex_Init
 .text.HAL_UART_Transmit
                0x08003c7e       0x9c .pio/build/blackpill_f411ce/SrcWrapper/src/HAL/stm32yyxx_hal_uart.c.o
                0x08003c7e                HAL_UART_Transmit
 .text.HAL_UART_Transmit_IT
                0x08003d1a       0x32 .pio/build/blackpill_f411ce/SrcWrapper/src/HAL/stm32yyxx_hal_uart.c.o
                0x08003d1a                HAL_UART_Transmit_IT
 .text.UART_DMAAbortOnError
                0x08003d4c       0x10 .pio/build/blackpill_f411ce/SrcWrapper/src/HAL/stm32yyxx_hal_uart.c.o
 .text.HAL_UARTEx_RxEventCallback
                0x08003d5c        0x2 .pio/build/blackpill_f411ce/SrcWrapper/src/HAL/stm32yyxx_hal_uart.c.o
                0x08003d5c                HAL_UARTEx_RxEventCallback
 .text.UART_Receive_IT.isra.0
                0x08003d5e       0xb6 .pio/build/blackpill_f411ce/SrcWrapper/src/HAL/stm32yyxx_hal_uart.c.o
 .text.HAL_UART_IRQHandler
                0x08003e14      0x2dc .pio/build/blackpill_f411ce/SrcWrapper/src/HAL/stm32yyxx_hal_uart.c.o
                0x08003e14                HAL_UART_IRQHandler
 .text.HAL_HalfDuplex_EnableTransmitter
                0x080040f0       0x30 .pio/build/blackpill_f411ce/SrcWrapper/src/HAL/stm32yyxx_hal_uart.c.o
                0x080040f0                HAL_HalfDuplex_EnableTransmitter
 .text.HAL_HalfDuplex_EnableReceiver
                0x08004120       0x30 .pio/build/blackpill_f411ce/SrcWrapper/src/HAL/stm32yyxx_hal_uart.c.o
                0x08004120                HAL_HalfDuplex_EnableReceiver
 .text.HAL_UART_GetState
                0x08004150        0xc .pio/build/blackpill_f411ce/SrcWrapper/src/HAL/stm32yyxx_hal_uart.c.o
                0x08004150                HAL_UART_GetState
 .text.UART_Start_Receive_IT
                0x0800415c       0x32 .pio/build/blackpill_f411ce/SrcWrapper/src/HAL/stm32yyxx_hal_uart.c.o
                0x0800415c                UART_Start_Receive_IT
 .text.HAL_UART_Receive_IT
                0x0800418e       0x22 .pio/build/blackpill_f411ce/SrcWrapper/src/HAL/stm32yyxx_hal_uart.c.o
                0x0800418e                HAL_UART_Receive_IT
 .text._ZNSt8functionIFvvEEaSEDn.isra.0
                0x080041b0       0x16 .pio/build/blackpill_f411ce/SrcWrapper/src/HardwareTimer.cpp.o
 .text._ZNSt14_Function_baseD2Ev
                0x080041c6       0x12 .pio/build/blackpill_f411ce/SrcWrapper/src/HardwareTimer.cpp.o
                0x080041c6                std::_Function_base::~_Function_base()
                0x080041c6                std::_Function_base::~_Function_base()
 .text._Z15get_timer_indexP11TIM_TypeDef
                0x080041d8       0x64 .pio/build/blackpill_f411ce/SrcWrapper/src/HardwareTimer.cpp.o
                0x080041d8                get_timer_index(TIM_TypeDef*)
 .text._ZN13HardwareTimerD2Ev
                0x0800423c       0x40 .pio/build/blackpill_f411ce/SrcWrapper/src/HardwareTimer.cpp.o
                0x0800423c                HardwareTimer::~HardwareTimer()
                0x0800423c                HardwareTimer::~HardwareTimer()
 .text._ZN13HardwareTimer5setupEP11TIM_TypeDef
                0x0800427c       0x84 .pio/build/blackpill_f411ce/SrcWrapper/src/HardwareTimer.cpp.o
                0x0800427c                HardwareTimer::setup(TIM_TypeDef*)
 .text.TIM1_UP_TIM10_IRQHandler
                0x08004300       0x24 .pio/build/blackpill_f411ce/SrcWrapper/src/HardwareTimer.cpp.o
                0x08004300                TIM1_UP_TIM10_IRQHandler
 .text.TIM1_CC_IRQHandler
                0x08004324       0x14 .pio/build/blackpill_f411ce/SrcWrapper/src/HardwareTimer.cpp.o
                0x08004324                TIM1_CC_IRQHandler
 .text.TIM2_IRQHandler
                0x08004338       0x14 .pio/build/blackpill_f411ce/SrcWrapper/src/HardwareTimer.cpp.o
                0x08004338                TIM2_IRQHandler
 .text.TIM3_IRQHandler
                0x0800434c       0x14 .pio/build/blackpill_f411ce/SrcWrapper/src/HardwareTimer.cpp.o
                0x0800434c                TIM3_IRQHandler
 .text.TIM4_IRQHandler
                0x08004360       0x14 .pio/build/blackpill_f411ce/SrcWrapper/src/HardwareTimer.cpp.o
                0x08004360                TIM4_IRQHandler
 .text.TIM5_IRQHandler
                0x08004374       0x14 .pio/build/blackpill_f411ce/SrcWrapper/src/HardwareTimer.cpp.o
                0x08004374                TIM5_IRQHandler
 .text.TIM1_BRK_TIM9_IRQHandler
                0x08004388       0x14 .pio/build/blackpill_f411ce/SrcWrapper/src/HardwareTimer.cpp.o
                0x08004388                TIM1_BRK_TIM9_IRQHandler
 .text.TIM1_TRG_COM_TIM11_IRQHandler
                0x0800439c       0x14 .pio/build/blackpill_f411ce/SrcWrapper/src/HardwareTimer.cpp.o
                0x0800439c                TIM1_TRG_COM_TIM11_IRQHandler
 .text._ZNSt8functionIFvvEEC2Ev
                0x080043b0        0xc .pio/build/blackpill_f411ce/SrcWrapper/src/HardwareTimer.cpp.o
                0x080043b0                std::function<void ()>::function()
                0x080043b0                std::function<void ()>::function()
 .text._ZN13HardwareTimerC2EP11TIM_TypeDef
                0x080043bc       0x2a .pio/build/blackpill_f411ce/SrcWrapper/src/HardwareTimer.cpp.o
                0x080043bc                HardwareTimer::HardwareTimer(TIM_TypeDef*)
                0x080043bc                HardwareTimer::HardwareTimer(TIM_TypeDef*)
 .text._ZNKSt8functionIFvvEEclEv
                0x080043e6       0x12 .pio/build/blackpill_f411ce/SrcWrapper/src/HardwareTimer.cpp.o
                0x080043e6                std::function<void ()>::operator()() const
 .text._ZN13HardwareTimer14updateCallbackEP17TIM_HandleTypeDef
                0x080043f8       0x18 .pio/build/blackpill_f411ce/SrcWrapper/src/HardwareTimer.cpp.o
                0x080043f8                HardwareTimer::updateCallback(TIM_HandleTypeDef*)
 .text.HAL_TIM_PeriodElapsedCallback
                0x08004410        0x4 .pio/build/blackpill_f411ce/SrcWrapper/src/HardwareTimer.cpp.o
                0x08004410                HAL_TIM_PeriodElapsedCallback
 .text._ZN13HardwareTimer22captureCompareCallbackEP17TIM_HandleTypeDef
                0x08004414       0x3e .pio/build/blackpill_f411ce/SrcWrapper/src/HardwareTimer.cpp.o
                0x08004414                HardwareTimer::captureCompareCallback(TIM_HandleTypeDef*)
 .text.HAL_TIM_OC_DelayElapsedCallback
                0x08004452        0x4 .pio/build/blackpill_f411ce/SrcWrapper/src/HardwareTimer.cpp.o
                0x08004452                HAL_TIM_OC_DelayElapsedCallback
 .text.HAL_TIM_IC_CaptureCallback
                0x08004456        0x4 .pio/build/blackpill_f411ce/SrcWrapper/src/HardwareTimer.cpp.o
                0x08004456                HAL_TIM_IC_CaptureCallback
 .text.USB_CoreReset
                0x0800445a       0x46 .pio/build/blackpill_f411ce/SrcWrapper/src/LL/stm32yyxx_ll_usb.c.o
 .text.USB_CoreInit
                0x080044a0       0x88 .pio/build/blackpill_f411ce/SrcWrapper/src/LL/stm32yyxx_ll_usb.c.o
                0x080044a0                USB_CoreInit
 .text.USB_SetTurnaroundTime
                0x08004528       0xe0 .pio/build/blackpill_f411ce/SrcWrapper/src/LL/stm32yyxx_ll_usb.c.o
                0x08004528                USB_SetTurnaroundTime
 .text.USB_EnableGlobalInt
                0x08004608        0xc .pio/build/blackpill_f411ce/SrcWrapper/src/LL/stm32yyxx_ll_usb.c.o
                0x08004608                USB_EnableGlobalInt
 .text.USB_DisableGlobalInt
                0x08004614        0xc .pio/build/blackpill_f411ce/SrcWrapper/src/LL/stm32yyxx_ll_usb.c.o
                0x08004614                USB_DisableGlobalInt
 .text.USB_SetCurrentMode
                0x08004620       0x60 .pio/build/blackpill_f411ce/SrcWrapper/src/LL/stm32yyxx_ll_usb.c.o
                0x08004620                USB_SetCurrentMode
 .text.USB_FlushTxFifo
                0x08004680       0x46 .pio/build/blackpill_f411ce/SrcWrapper/src/LL/stm32yyxx_ll_usb.c.o
                0x08004680                USB_FlushTxFifo
 .text.USB_FlushRxFifo
                0x080046c6       0x42 .pio/build/blackpill_f411ce/SrcWrapper/src/LL/stm32yyxx_ll_usb.c.o
                0x080046c6                USB_FlushRxFifo
 .text.USB_SetDevSpeed
                0x08004708        0xe .pio/build/blackpill_f411ce/SrcWrapper/src/LL/stm32yyxx_ll_usb.c.o
                0x08004708                USB_SetDevSpeed
 *fill*         0x08004716        0x2 
 .text.USB_DevInit
                0x08004718      0x188 .pio/build/blackpill_f411ce/SrcWrapper/src/LL/stm32yyxx_ll_usb.c.o
                0x08004718                USB_DevInit
 .text.USB_GetDevSpeed
                0x080048a0       0x16 .pio/build/blackpill_f411ce/SrcWrapper/src/LL/stm32yyxx_ll_usb.c.o
                0x080048a0                USB_GetDevSpeed
 .text.USB_ActivateEndpoint
                0x080048b6       0x7e .pio/build/blackpill_f411ce/SrcWrapper/src/LL/stm32yyxx_ll_usb.c.o
                0x080048b6                USB_ActivateEndpoint
 .text.USB_DeactivateEndpoint
                0x08004934       0xac .pio/build/blackpill_f411ce/SrcWrapper/src/LL/stm32yyxx_ll_usb.c.o
                0x08004934                USB_DeactivateEndpoint
 .text.USB_EPStopXfer
                0x080049e0       0x84 .pio/build/blackpill_f411ce/SrcWrapper/src/LL/stm32yyxx_ll_usb.c.o
                0x080049e0                USB_EPStopXfer
 .text.USB_WritePacket
                0x08004a64       0x26 .pio/build/blackpill_f411ce/SrcWrapper/src/LL/stm32yyxx_ll_usb.c.o
                0x08004a64                USB_WritePacket
 *fill*         0x08004a8a        0x2 
 .text.USB_EPStartXfer
                0x08004a8c      0x204 .pio/build/blackpill_f411ce/SrcWrapper/src/LL/stm32yyxx_ll_usb.c.o
                0x08004a8c                USB_EPStartXfer
 .text.USB_ReadPacket
                0x08004c90       0x40 .pio/build/blackpill_f411ce/SrcWrapper/src/LL/stm32yyxx_ll_usb.c.o
                0x08004c90                USB_ReadPacket
 .text.USB_EPSetStall
                0x08004cd0       0x56 .pio/build/blackpill_f411ce/SrcWrapper/src/LL/stm32yyxx_ll_usb.c.o
                0x08004cd0                USB_EPSetStall
 .text.USB_EPClearStall
                0x08004d26       0x52 .pio/build/blackpill_f411ce/SrcWrapper/src/LL/stm32yyxx_ll_usb.c.o
                0x08004d26                USB_EPClearStall
 .text.USB_SetDevAddress
                0x08004d78       0x20 .pio/build/blackpill_f411ce/SrcWrapper/src/LL/stm32yyxx_ll_usb.c.o
                0x08004d78                USB_SetDevAddress
 .text.USB_DevConnect
                0x08004d98       0x1c .pio/build/blackpill_f411ce/SrcWrapper/src/LL/stm32yyxx_ll_usb.c.o
                0x08004d98                USB_DevConnect
 .text.USB_DevDisconnect
                0x08004db4       0x1c .pio/build/blackpill_f411ce/SrcWrapper/src/LL/stm32yyxx_ll_usb.c.o
                0x08004db4                USB_DevDisconnect
 .text.USB_ReadInterrupts
                0x08004dd0        0x8 .pio/build/blackpill_f411ce/SrcWrapper/src/LL/stm32yyxx_ll_usb.c.o
                0x08004dd0                USB_ReadInterrupts
 .text.USB_ReadDevAllOutEpInterrupt
                0x08004dd8       0x10 .pio/build/blackpill_f411ce/SrcWrapper/src/LL/stm32yyxx_ll_usb.c.o
                0x08004dd8                USB_ReadDevAllOutEpInterrupt
 .text.USB_ReadDevAllInEpInterrupt
                0x08004de8       0x10 .pio/build/blackpill_f411ce/SrcWrapper/src/LL/stm32yyxx_ll_usb.c.o
                0x08004de8                USB_ReadDevAllInEpInterrupt
 .text.USB_ReadDevOutEPInterrupt
                0x08004df8       0x12 .pio/build/blackpill_f411ce/SrcWrapper/src/LL/stm32yyxx_ll_usb.c.o
                0x08004df8                USB_ReadDevOutEPInterrupt
 .text.USB_ReadDevInEPInterrupt
                0x08004e0a       0x22 .pio/build/blackpill_f411ce/SrcWrapper/src/LL/stm32yyxx_ll_usb.c.o
                0x08004e0a                USB_ReadDevInEPInterrupt
 .text.USB_GetMode
                0x08004e2c        0x8 .pio/build/blackpill_f411ce/SrcWrapper/src/LL/stm32yyxx_ll_usb.c.o
                0x08004e2c                USB_GetMode
 .text.USB_ActivateSetup
                0x08004e34       0x20 .pio/build/blackpill_f411ce/SrcWrapper/src/LL/stm32yyxx_ll_usb.c.o
                0x08004e34                USB_ActivateSetup
 .text.USB_EP0_OutStart
                0x08004e54       0x4c .pio/build/blackpill_f411ce/SrcWrapper/src/LL/stm32yyxx_ll_usb.c.o
                0x08004e54                USB_EP0_OutStart
 .text._Znwj    0x08004ea0        0x4 .pio/build/blackpill_f411ce/SrcWrapper/src/new.cpp.o
                0x08004ea0                operator new(unsigned int)
 .text._ZdlPvj  0x08004ea4        0x4 .pio/build/blackpill_f411ce/SrcWrapper/src/new.cpp.o
                0x08004ea4                operator delete(void*, unsigned int)
 .text.set_GPIO_Port_Clock
                0x08004ea8       0xd0 .pio/build/blackpill_f411ce/SrcWrapper/src/stm32/PortNames.c.o
                0x08004ea8                set_GPIO_Port_Clock
 .text.pwm_stop
                0x08004f78       0x5c .pio/build/blackpill_f411ce/SrcWrapper/src/stm32/analog.cpp.o
                0x08004f78                pwm_stop
 .text.getCurrentMicros
                0x08004fd4       0x48 .pio/build/blackpill_f411ce/SrcWrapper/src/stm32/clock.c.o
                0x08004fd4                getCurrentMicros
 .text.getCurrentMillis
                0x0800501c        0x4 .pio/build/blackpill_f411ce/SrcWrapper/src/stm32/clock.c.o
                0x0800501c                getCurrentMillis
 .text.noOsSystickHandler
                0x08005020        0x2 .pio/build/blackpill_f411ce/SrcWrapper/src/stm32/clock.c.o
                0x08005020                osSystickHandler
                0x08005020                noOsSystickHandler
 .text.SysTick_Handler
                0x08005022       0x10 .pio/build/blackpill_f411ce/SrcWrapper/src/stm32/clock.c.o
                0x08005022                SysTick_Handler
 .text.configHSECapacitorTuning
                0x08005032        0x2 .pio/build/blackpill_f411ce/SrcWrapper/src/stm32/clock.c.o
                0x08005032                configHSECapacitorTuning
 .text.configIPClock
                0x08005034       0x4c .pio/build/blackpill_f411ce/SrcWrapper/src/stm32/clock.c.o
                0x08005034                configIPClock
 .text.dwt_init
                0x08005080       0x3c .pio/build/blackpill_f411ce/SrcWrapper/src/stm32/dwt.c.o
                0x08005080                dwt_init
 .text.hw_config_init
                0x080050bc       0x28 .pio/build/blackpill_f411ce/SrcWrapper/src/stm32/hw_config.c.o
                0x080050bc                hw_config_init
 .text.startup._ZNSt8functionIFvvEEC2EDn.constprop.0.isra.0
                0x080050e4        0xc .pio/build/blackpill_f411ce/SrcWrapper/src/stm32/interrupt.cpp.o
 .text.HAL_GPIO_EXTI_Callback
                0x080050f0       0x2c .pio/build/blackpill_f411ce/SrcWrapper/src/stm32/interrupt.cpp.o
                0x080050f0                HAL_GPIO_EXTI_Callback
 .text.EXTI0_IRQHandler
                0x0800511c        0x6 .pio/build/blackpill_f411ce/SrcWrapper/src/stm32/interrupt.cpp.o
                0x0800511c                EXTI0_IRQHandler
 .text.EXTI1_IRQHandler
                0x08005122        0x6 .pio/build/blackpill_f411ce/SrcWrapper/src/stm32/interrupt.cpp.o
                0x08005122                EXTI1_IRQHandler
 .text.EXTI2_IRQHandler
                0x08005128        0x6 .pio/build/blackpill_f411ce/SrcWrapper/src/stm32/interrupt.cpp.o
                0x08005128                EXTI2_IRQHandler
 .text.EXTI3_IRQHandler
                0x0800512e        0x6 .pio/build/blackpill_f411ce/SrcWrapper/src/stm32/interrupt.cpp.o
                0x0800512e                EXTI3_IRQHandler
 .text.EXTI4_IRQHandler
                0x08005134        0x6 .pio/build/blackpill_f411ce/SrcWrapper/src/stm32/interrupt.cpp.o
                0x08005134                EXTI4_IRQHandler
 .text.EXTI9_5_IRQHandler
                0x0800513a       0x16 .pio/build/blackpill_f411ce/SrcWrapper/src/stm32/interrupt.cpp.o
                0x0800513a                EXTI9_5_IRQHandler
 .text.EXTI15_10_IRQHandler
                0x08005150       0x18 .pio/build/blackpill_f411ce/SrcWrapper/src/stm32/interrupt.cpp.o
                0x08005150                EXTI15_10_IRQHandler
 .text.startup._GLOBAL__sub_I__Z22stm32_interrupt_enableP12GPIO_TypeDeftSt8functionIFvvEEm
                0x08005168       0xd8 .pio/build/blackpill_f411ce/SrcWrapper/src/stm32/interrupt.cpp.o
 .text.exit._GLOBAL__sub_D__Z22stm32_interrupt_enableP12GPIO_TypeDeftSt8functionIFvvEEm
                0x08005240       0x1c .pio/build/blackpill_f411ce/SrcWrapper/src/stm32/interrupt.cpp.o
 .text.LL_GPIO_SetPinPull
                0x0800525c       0x2a .pio/build/blackpill_f411ce/SrcWrapper/src/stm32/pinmap.c.o
 .text.pin_in_pinmap
                0x08005286       0x1e .pio/build/blackpill_f411ce/SrcWrapper/src/stm32/pinmap.c.o
                0x08005286                pin_in_pinmap
 .text.pin_function
                0x080052a4      0x11c .pio/build/blackpill_f411ce/SrcWrapper/src/stm32/pinmap.c.o
                0x080052a4                pin_function
 .text.pinmap_pinout
                0x080053c0       0x1a .pio/build/blackpill_f411ce/SrcWrapper/src/stm32/pinmap.c.o
                0x080053c0                pinmap_pinout
 .text.pinmap_find_peripheral
                0x080053da       0x16 .pio/build/blackpill_f411ce/SrcWrapper/src/stm32/pinmap.c.o
                0x080053da                pinmap_find_peripheral
 .text.pinmap_peripheral
                0x080053f0        0xc .pio/build/blackpill_f411ce/SrcWrapper/src/stm32/pinmap.c.o
                0x080053f0                pinmap_peripheral
 .text.pinmap_find_pin
                0x080053fc       0x16 .pio/build/blackpill_f411ce/SrcWrapper/src/stm32/pinmap.c.o
                0x080053fc                pinmap_find_pin
 .text.pinmap_pin
                0x08005412        0xc .pio/build/blackpill_f411ce/SrcWrapper/src/stm32/pinmap.c.o
                0x08005412                pinmap_pin
 .text.pinmap_merge_peripheral
                0x0800541e       0x14 .pio/build/blackpill_f411ce/SrcWrapper/src/stm32/pinmap.c.o
                0x0800541e                pinmap_merge_peripheral
 *fill*         0x08005432        0x2 
 .text.SystemInit
                0x08005434       0x50 .pio/build/blackpill_f411ce/SrcWrapper/src/stm32/system_stm32yyxx.c.o
                0x08005434                SystemInit
 .text.get_timer_obj
                0x08005484        0x4 .pio/build/blackpill_f411ce/SrcWrapper/src/stm32/timer.c.o
                0x08005484                get_timer_obj
 .text.enableTimerClock
                0x08005488      0x128 .pio/build/blackpill_f411ce/SrcWrapper/src/stm32/timer.c.o
                0x08005488                enableTimerClock
 .text.disableTimerClock
                0x080055b0       0xb4 .pio/build/blackpill_f411ce/SrcWrapper/src/stm32/timer.c.o
                0x080055b0                disableTimerClock
 .text.getTimerUpIrq
                0x08005664       0x74 .pio/build/blackpill_f411ce/SrcWrapper/src/stm32/timer.c.o
                0x08005664                getTimerUpIrq
 .text.getTimerCCIrq
                0x080056d8       0x78 .pio/build/blackpill_f411ce/SrcWrapper/src/stm32/timer.c.o
                0x080056d8                getTimerCCIrq
 .text.HAL_TIM_Base_MspInit
                0x08005750       0x4e .pio/build/blackpill_f411ce/SrcWrapper/src/stm32/timer.c.o
                0x08005750                HAL_TIM_Base_MspInit
 *fill*         0x0800579e        0x2 
 .text.uart_init.part.0
                0x080057a0      0x1c8 .pio/build/blackpill_f411ce/SrcWrapper/src/stm32/uart.c.o
 .text.uart_debug_init
                0x08005968       0x34 .pio/build/blackpill_f411ce/SrcWrapper/src/stm32/uart.c.o
                0x08005968                uart_debug_init
 .text.serial_rx_active
                0x0800599c       0x24 .pio/build/blackpill_f411ce/SrcWrapper/src/stm32/uart.c.o
                0x0800599c                serial_rx_active
 .text.serial_tx_active
                0x080059c0       0x24 .pio/build/blackpill_f411ce/SrcWrapper/src/stm32/uart.c.o
                0x080059c0                serial_tx_active
 .text.uart_debug_write
                0x080059e4       0xc4 .pio/build/blackpill_f411ce/SrcWrapper/src/stm32/uart.c.o
                0x080059e4                uart_debug_write
 .text.uart_attach_tx_callback
                0x08005aa8       0x40 .pio/build/blackpill_f411ce/SrcWrapper/src/stm32/uart.c.o
                0x08005aa8                uart_attach_tx_callback
 .text.uart_enable_tx
                0x08005ae8       0x1c .pio/build/blackpill_f411ce/SrcWrapper/src/stm32/uart.c.o
                0x08005ae8                uart_enable_tx
 .text.uart_enable_rx
                0x08005b04       0x1c .pio/build/blackpill_f411ce/SrcWrapper/src/stm32/uart.c.o
                0x08005b04                uart_enable_rx
 .text.HAL_UART_RxCpltCallback
                0x08005b20        0x6 .pio/build/blackpill_f411ce/SrcWrapper/src/stm32/uart.c.o
                0x08005b20                HAL_UART_RxCpltCallback
 .text.HAL_UART_TxCpltCallback
                0x08005b26        0x6 .pio/build/blackpill_f411ce/SrcWrapper/src/stm32/uart.c.o
                0x08005b26                HAL_UART_TxCpltCallback
 .text.HAL_UART_ErrorCallback
                0x08005b2c       0x7c .pio/build/blackpill_f411ce/SrcWrapper/src/stm32/uart.c.o
                0x08005b2c                HAL_UART_ErrorCallback
 .text.USART1_IRQHandler
                0x08005ba8       0x18 .pio/build/blackpill_f411ce/SrcWrapper/src/stm32/uart.c.o
                0x08005ba8                USART1_IRQHandler
 .text.USART2_IRQHandler
                0x08005bc0       0x1c .pio/build/blackpill_f411ce/SrcWrapper/src/stm32/uart.c.o
                0x08005bc0                USART2_IRQHandler
 .text.USART6_IRQHandler
                0x08005bdc       0x18 .pio/build/blackpill_f411ce/SrcWrapper/src/stm32/uart.c.o
                0x08005bdc                USART6_IRQHandler
 .text._sbrk    0x08005bf4       0x3c .pio/build/blackpill_f411ce/SrcWrapper/src/syscalls.c.o
                0x08005bf4                _sbrk
 .text._close   0x08005c30        0x6 .pio/build/blackpill_f411ce/SrcWrapper/src/syscalls.c.o
                0x08005c30                _close
 .text._fstat   0x08005c36        0xa .pio/build/blackpill_f411ce/SrcWrapper/src/syscalls.c.o
                0x08005c36                _fstat
 .text._isatty  0x08005c40        0x4 .pio/build/blackpill_f411ce/SrcWrapper/src/syscalls.c.o
                0x08005c40                _isatty
 .text._lseek   0x08005c44        0x4 .pio/build/blackpill_f411ce/SrcWrapper/src/syscalls.c.o
                0x08005c44                _lseek
 .text._read    0x08005c48        0x4 .pio/build/blackpill_f411ce/SrcWrapper/src/syscalls.c.o
                0x08005c48                _read
 .text._exit    0x08005c4c        0x2 .pio/build/blackpill_f411ce/SrcWrapper/src/syscalls.c.o
                0x08005c4c                _exit
 *fill*         0x08005c4e        0x2 
 .text._kill    0x08005c50       0x10 .pio/build/blackpill_f411ce/SrcWrapper/src/syscalls.c.o
                0x08005c50                _kill
 .text._getpid  0x08005c60        0x4 .pio/build/blackpill_f411ce/SrcWrapper/src/syscalls.c.o
                0x08005c60                _getpid
 .text._Z15ConfigurarMotorP12AccelStepperiiii
                0x08005c64       0x4e .pio/build/blackpill_f411ce/src/functions.cpp.o
                0x08005c64                ConfigurarMotor(AccelStepper*, int, int, int, int)
 .text._Z10CriarMotoriiiiii
                0x08005cb2       0x42 .pio/build/blackpill_f411ce/src/functions.cpp.o
                0x08005cb2                CriarMotor(int, int, int, int, int, int)
 .text._Z14moverAceleradoP12AccelStepperlii
                0x08005cf4       0x8c .pio/build/blackpill_f411ce/src/functions.cpp.o
                0x08005cf4                moverAcelerado(AccelStepper*, long, int, int)
 .text._Z10calibracaov
                0x08005d80        0x2 .pio/build/blackpill_f411ce/src/functions.cpp.o
                0x08005d80                calibracao()
 *fill*         0x08005d82        0x2 
 .text._Z19paraMotorSimultaneoP12AccelStepperS0_
                0x08005d84       0x60 .pio/build/blackpill_f411ce/src/functions.cpp.o
                0x08005d84                paraMotorSimultaneo(AccelStepper*, AccelStepper*)
 .text._Z9paraMotorP12AccelStepper
                0x08005de4       0x34 .pio/build/blackpill_f411ce/src/functions.cpp.o
                0x08005de4                paraMotor(AccelStepper*)
 .text._Z14sensorIndutivoP12AccelStepperS0_
                0x08005e18       0x54 .pio/build/blackpill_f411ce/src/functions.cpp.o
                0x08005e18                sensorIndutivo(AccelStepper*, AccelStepper*)
 .text._Z13moverUniformeP12AccelStepperlii
                0x08005e6c      0x108 .pio/build/blackpill_f411ce/src/functions.cpp.o
                0x08005e6c                moverUniforme(AccelStepper*, long, int, int)
 .text._Z15moverSimultaneoP12AccelStepperS0_ffff6String
                0x08005f74      0x21c .pio/build/blackpill_f411ce/src/functions.cpp.o
                0x08005f74                moverSimultaneo(AccelStepper*, AccelStepper*, float, float, float, float, String)
 .text.setup    0x08006190       0x88 .pio/build/blackpill_f411ce/src/main.cpp.o
                0x08006190                setup
 .text.loop     0x08006218       0x38 .pio/build/blackpill_f411ce/src/main.cpp.o
                0x08006218                loop
 .text._ZNK6String9substringEj
                0x08006250        0xe .pio/build/blackpill_f411ce/src/verificarSerial.cpp.o
                0x08006250                String::substring(unsigned int) const
 *fill*         0x0800625e        0x2 
 .text._Z15VerificarSerialP12AccelStepperS0_iii
                0x08006260      0x5a0 .pio/build/blackpill_f411ce/src/verificarSerial.cpp.o
                0x08006260                VerificarSerial(AccelStepper*, AccelStepper*, int, int, int)
 .text._ZN12AccelStepperD2Ev
                0x08006800        0x2 .pio/build/blackpill_f411ce/lib2d5/libAccelStepper.a(AccelStepper.cpp.o)
                0x08006800                AccelStepper::~AccelStepper()
                0x08006800                AccelStepper::~AccelStepper()
 *fill*         0x08006802        0x2 
 .text._ZN12AccelStepper15computeNewSpeedEv
                0x08006804      0x154 .pio/build/blackpill_f411ce/lib2d5/libAccelStepper.a(AccelStepper.cpp.o)
                0x08006804                AccelStepper::computeNewSpeed()
 .text._ZN12AccelStepper4stepEl
                0x08006958       0x40 .pio/build/blackpill_f411ce/lib2d5/libAccelStepper.a(AccelStepper.cpp.o)
                0x08006958                AccelStepper::step(long)
 .text._ZN12AccelStepper5step1El
                0x08006998       0x60 .pio/build/blackpill_f411ce/lib2d5/libAccelStepper.a(AccelStepper.cpp.o)
                0x08006998                AccelStepper::step1(long)
 .text._ZN12AccelStepper5step2El
                0x080069f8       0x22 .pio/build/blackpill_f411ce/lib2d5/libAccelStepper.a(AccelStepper.cpp.o)
                0x080069f8                AccelStepper::step2(long)
 .text._ZN12AccelStepper5step3El
                0x08006a1a       0x28 .pio/build/blackpill_f411ce/lib2d5/libAccelStepper.a(AccelStepper.cpp.o)
                0x08006a1a                AccelStepper::step3(long)
 .text._ZN12AccelStepper5step4El
                0x08006a42       0x22 .pio/build/blackpill_f411ce/lib2d5/libAccelStepper.a(AccelStepper.cpp.o)
                0x08006a42                AccelStepper::step4(long)
 .text._ZN12AccelStepper5step6El
                0x08006a64       0x4a .pio/build/blackpill_f411ce/lib2d5/libAccelStepper.a(AccelStepper.cpp.o)
                0x08006a64                AccelStepper::step6(long)
 .text._ZN12AccelStepper5step8El
                0x08006aae       0x3a .pio/build/blackpill_f411ce/lib2d5/libAccelStepper.a(AccelStepper.cpp.o)
                0x08006aae                AccelStepper::step8(long)
 .text._ZN12AccelStepper13setOutputPinsEh
                0x08006ae8       0x44 .pio/build/blackpill_f411ce/lib2d5/libAccelStepper.a(AccelStepper.cpp.o)
                0x08006ae8                AccelStepper::setOutputPins(unsigned char)
 .text._ZN12AccelStepperD0Ev
                0x08006b2c        0xe .pio/build/blackpill_f411ce/lib2d5/libAccelStepper.a(AccelStepper.cpp.o)
                0x08006b2c                AccelStepper::~AccelStepper()
 .text._ZN12AccelStepper14disableOutputsEv
                0x08006b3a       0x30 .pio/build/blackpill_f411ce/lib2d5/libAccelStepper.a(AccelStepper.cpp.o)
                0x08006b3a                AccelStepper::disableOutputs()
 .text._ZN12AccelStepper13enableOutputsEv
                0x08006b6a       0x64 .pio/build/blackpill_f411ce/lib2d5/libAccelStepper.a(AccelStepper.cpp.o)
                0x08006b6a                AccelStepper::enableOutputs()
 *fill*         0x08006bce        0x2 
 .text._ZN12AccelStepper15setAccelerationEf.part.0
                0x08006bd0       0xa8 .pio/build/blackpill_f411ce/lib2d5/libAccelStepper.a(AccelStepper.cpp.o)
 .text._ZN12AccelStepper5step0El
                0x08006c78       0x14 .pio/build/blackpill_f411ce/lib2d5/libAccelStepper.a(AccelStepper.cpp.o)
                0x08006c78                AccelStepper::step0(long)
 .text._ZN12AccelStepper6moveToEl
                0x08006c8c       0x10 .pio/build/blackpill_f411ce/lib2d5/libAccelStepper.a(AccelStepper.cpp.o)
                0x08006c8c                AccelStepper::moveTo(long)
 .text._ZN12AccelStepper4moveEl
                0x08006c9c        0x8 .pio/build/blackpill_f411ce/lib2d5/libAccelStepper.a(AccelStepper.cpp.o)
                0x08006c9c                AccelStepper::move(long)
 .text._ZN12AccelStepper8runSpeedEv
                0x08006ca4       0x38 .pio/build/blackpill_f411ce/lib2d5/libAccelStepper.a(AccelStepper.cpp.o)
                0x08006ca4                AccelStepper::runSpeed()
 .text._ZN12AccelStepper12distanceToGoEv
                0x08006cdc        0x8 .pio/build/blackpill_f411ce/lib2d5/libAccelStepper.a(AccelStepper.cpp.o)
                0x08006cdc                AccelStepper::distanceToGo()
 .text._ZN12AccelStepper15currentPositionEv
                0x08006ce4        0x4 .pio/build/blackpill_f411ce/lib2d5/libAccelStepper.a(AccelStepper.cpp.o)
                0x08006ce4                AccelStepper::currentPosition()
 .text._ZN12AccelStepper18setCurrentPositionEl
                0x08006ce8       0x10 .pio/build/blackpill_f411ce/lib2d5/libAccelStepper.a(AccelStepper.cpp.o)
                0x08006ce8                AccelStepper::setCurrentPosition(long)
 .text._ZN12AccelStepper3runEv
                0x08006cf8       0x30 .pio/build/blackpill_f411ce/lib2d5/libAccelStepper.a(AccelStepper.cpp.o)
                0x08006cf8                AccelStepper::run()
 .text._ZN12AccelStepper11setMaxSpeedEf
                0x08006d28       0x7c .pio/build/blackpill_f411ce/lib2d5/libAccelStepper.a(AccelStepper.cpp.o)
                0x08006d28                AccelStepper::setMaxSpeed(float)
 .text._ZN12AccelStepperC2Ehhhhhb
                0x08006da4       0x74 .pio/build/blackpill_f411ce/lib2d5/libAccelStepper.a(AccelStepper.cpp.o)
                0x08006da4                AccelStepper::AccelStepper(unsigned char, unsigned char, unsigned char, unsigned char, unsigned char, bool)
                0x08006da4                AccelStepper::AccelStepper(unsigned char, unsigned char, unsigned char, unsigned char, unsigned char, bool)
 .text._ZN12AccelStepper15setAccelerationEf
                0x08006e18       0x10 .pio/build/blackpill_f411ce/lib2d5/libAccelStepper.a(AccelStepper.cpp.o)
                0x08006e18                AccelStepper::setAcceleration(float)
 .text._ZN12AccelStepper8setSpeedEf
                0x08006e28       0x90 .pio/build/blackpill_f411ce/lib2d5/libAccelStepper.a(AccelStepper.cpp.o)
                0x08006e28                AccelStepper::setSpeed(float)
 .text._ZN12AccelStepper4stopEv
                0x08006eb8       0x66 .pio/build/blackpill_f411ce/lib2d5/libAccelStepper.a(AccelStepper.cpp.o)
                0x08006eb8                AccelStepper::stop()
 .text._ZN5Print5writeEPKc
                0x08006f1e       0x20 .pio/build/blackpill_f411ce/libFrameworkArduino.a(Print.cpp.o)
                0x08006f1e                Print::write(char const*)
 .text._ZN5Print5printERK6String
                0x08006f3e        0xa .pio/build/blackpill_f411ce/libFrameworkArduino.a(Print.cpp.o)
                0x08006f3e                Print::print(String const&)
 .text._ZN5Print5printEPKc
                0x08006f48        0x8 .pio/build/blackpill_f411ce/libFrameworkArduino.a(Print.cpp.o)
                0x08006f48                Print::print(char const*)
 .text._ZN5Print5printEc
                0x08006f50        0x6 .pio/build/blackpill_f411ce/libFrameworkArduino.a(Print.cpp.o)
                0x08006f50                Print::print(char)
 *fill*         0x08006f56        0x2 
 .text._ZN5Print7printlnEv
                0x08006f58       0x10 .pio/build/blackpill_f411ce/libFrameworkArduino.a(Print.cpp.o)
                0x08006f58                Print::println()
 .text._ZN5Print7printlnEPK19__FlashStringHelper
                0x08006f68       0x14 .pio/build/blackpill_f411ce/libFrameworkArduino.a(Print.cpp.o)
                0x08006f68                Print::println(__FlashStringHelper const*)
 .text._ZN5Print7printlnERK6String
                0x08006f7c       0x14 .pio/build/blackpill_f411ce/libFrameworkArduino.a(Print.cpp.o)
                0x08006f7c                Print::println(String const&)
 .text._ZN5Print7printlnEPKc
                0x08006f90        0x4 .pio/build/blackpill_f411ce/libFrameworkArduino.a(Print.cpp.o)
                0x08006f90                Print::println(char const*)
 .text._write   0x08006f94       0x22 .pio/build/blackpill_f411ce/libFrameworkArduino.a(Print.cpp.o)
                0x08006f94                _write
 .text._ZN6Stream9timedReadEv
                0x08006fb6       0x2a .pio/build/blackpill_f411ce/libFrameworkArduino.a(Stream.cpp.o)
                0x08006fb6                Stream::timedRead()
 .text._ZN6Stream9readBytesEPcj
                0x08006fe0       0x22 .pio/build/blackpill_f411ce/libFrameworkArduino.a(Stream.cpp.o)
                0x08006fe0                Stream::readBytes(char*, unsigned int)
 .text._ZN6Stream14readBytesUntilEcPcj
                0x08007002       0x30 .pio/build/blackpill_f411ce/libFrameworkArduino.a(Stream.cpp.o)
                0x08007002                Stream::readBytesUntil(char, char*, unsigned int)
 *fill*         0x08007032        0x2 
 .text._ZN6Stream15readStringUntilEc
                0x08007034       0x30 .pio/build/blackpill_f411ce/libFrameworkArduino.a(Stream.cpp.o)
                0x08007034                Stream::readStringUntil(char)
 .text._ZN6StringD2Ev
                0x08007064        0xe .pio/build/blackpill_f411ce/libFrameworkArduino.a(WString.cpp.o)
                0x08007064                String::~String()
                0x08007064                String::~String()
 .text._ZN6String10invalidateEv
                0x08007072       0x16 .pio/build/blackpill_f411ce/libFrameworkArduino.a(WString.cpp.o)
                0x08007072                String::invalidate()
 .text._ZN6String12changeBufferEj
                0x08007088       0x18 .pio/build/blackpill_f411ce/libFrameworkArduino.a(WString.cpp.o)
                0x08007088                String::changeBuffer(unsigned int)
 .text._ZN6String7reserveEj
                0x080070a0       0x22 .pio/build/blackpill_f411ce/libFrameworkArduino.a(WString.cpp.o)
                0x080070a0                String::reserve(unsigned int)
 .text._ZN6String4copyEPKcj
                0x080070c2       0x26 .pio/build/blackpill_f411ce/libFrameworkArduino.a(WString.cpp.o)
                0x080070c2                String::copy(char const*, unsigned int)
 .text._ZN6StringC2EPKc
                0x080070e8       0x24 .pio/build/blackpill_f411ce/libFrameworkArduino.a(WString.cpp.o)
                0x080070e8                String::String(char const*)
                0x080070e8                String::String(char const*)
 .text._ZN6String4moveERS_
                0x0800710c       0x3c .pio/build/blackpill_f411ce/libFrameworkArduino.a(WString.cpp.o)
                0x0800710c                String::move(String&)
 .text._ZN6StringaSERKS_
                0x08007148       0x1e .pio/build/blackpill_f411ce/libFrameworkArduino.a(WString.cpp.o)
                0x08007148                String::operator=(String const&)
 .text._ZN6StringC2ERKS_
                0x08007166       0x14 .pio/build/blackpill_f411ce/libFrameworkArduino.a(WString.cpp.o)
                0x08007166                String::String(String const&)
                0x08007166                String::String(String const&)
 .text._ZN6StringaSEOS_
                0x0800717a       0x10 .pio/build/blackpill_f411ce/libFrameworkArduino.a(WString.cpp.o)
                0x0800717a                String::operator=(String&&)
 .text._ZN6StringaSEPKc
                0x0800718a       0x22 .pio/build/blackpill_f411ce/libFrameworkArduino.a(WString.cpp.o)
                0x0800718a                String::operator=(char const*)
 .text._ZN6StringC2Eih
                0x080071ac       0x24 .pio/build/blackpill_f411ce/libFrameworkArduino.a(WString.cpp.o)
                0x080071ac                String::String(int, unsigned char)
                0x080071ac                String::String(int, unsigned char)
 .text._ZN6String6concatEPKcj
                0x080071d0       0x2e .pio/build/blackpill_f411ce/libFrameworkArduino.a(WString.cpp.o)
                0x080071d0                String::concat(char const*, unsigned int)
 .text._ZN6String6concatEc
                0x080071fe       0x1a .pio/build/blackpill_f411ce/libFrameworkArduino.a(WString.cpp.o)
                0x080071fe                String::concat(char)
 .text._ZplRK15StringSumHelperRK6String
                0x08007218       0x18 .pio/build/blackpill_f411ce/libFrameworkArduino.a(WString.cpp.o)
                0x08007218                operator+(StringSumHelper const&, String const&)
 .text._ZNK6String6equalsEPKc
                0x08007230       0x24 .pio/build/blackpill_f411ce/libFrameworkArduino.a(WString.cpp.o)
                0x08007230                String::equals(char const*) const
 .text._ZNK6StringixEj
                0x08007254       0x12 .pio/build/blackpill_f411ce/libFrameworkArduino.a(WString.cpp.o)
                0x08007254                String::operator[](unsigned int) const
 .text._ZNK6String6charAtEj
                0x08007266        0x4 .pio/build/blackpill_f411ce/libFrameworkArduino.a(WString.cpp.o)
                0x08007266                String::charAt(unsigned int) const
 .text._ZNK6String7indexOfEcj
                0x0800726a       0x1c .pio/build/blackpill_f411ce/libFrameworkArduino.a(WString.cpp.o)
                0x0800726a                String::indexOf(char, unsigned int) const
 .text._ZNK6String7indexOfEc
                0x08007286        0x6 .pio/build/blackpill_f411ce/libFrameworkArduino.a(WString.cpp.o)
                0x08007286                String::indexOf(char) const
 .text._ZNK6String9substringEjj
                0x0800728c       0x50 .pio/build/blackpill_f411ce/libFrameworkArduino.a(WString.cpp.o)
                0x0800728c                String::substring(unsigned int, unsigned int) const
 *fill*         0x080072dc        0x4 
 .text._ZNK6String8toDoubleEv
                0x080072e0       0x18 .pio/build/blackpill_f411ce/libFrameworkArduino.a(WString.cpp.o)
                0x080072e0                String::toDouble() const
 .text._ZNK6String7toFloatEv
                0x080072f8       0x14 .pio/build/blackpill_f411ce/libFrameworkArduino.a(WString.cpp.o)
                0x080072f8                String::toFloat() const
 .text.__empty  0x0800730c        0x2 .pio/build/blackpill_f411ce/libFrameworkArduino.a(hooks.c.o)
                0x0800730c                yield
 .text.ltoa     0x0800730e       0x80 .pio/build/blackpill_f411ce/libFrameworkArduino.a(itoa.c.o)
                0x0800730e                ltoa
 .text.itoa     0x0800738e        0x4 .pio/build/blackpill_f411ce/libFrameworkArduino.a(itoa.c.o)
                0x0800738e                itoa
 .text.startup._Z7premainv
                0x08007392       0x10 .pio/build/blackpill_f411ce/libFrameworkArduino.a(main.cpp.o)
                0x08007392                premain()
 .text.startup.main
                0x080073a2       0x14 .pio/build/blackpill_f411ce/libFrameworkArduino.a(main.cpp.o)
                0x080073a2                main
 *fill*         0x080073b6        0x2 
 .text.Reset_Handler
                0x080073b8       0x50 .pio/build/blackpill_f411ce/libFrameworkArduino.a(startup_stm32yyxx.S.o)
                0x080073b8                Reset_Handler
 .text.Default_Handler
                0x08007408        0x2 .pio/build/blackpill_f411ce/libFrameworkArduino.a(startup_stm32yyxx.S.o)
                0x08007408                RTC_Alarm_IRQHandler
                0x08007408                DebugMon_Handler
                0x08007408                SPI4_IRQHandler
                0x08007408                DMA2_Stream5_IRQHandler
                0x08007408                HardFault_Handler
                0x08007408                DMA1_Stream5_IRQHandler
                0x08007408                PVD_IRQHandler
                0x08007408                SDIO_IRQHandler
                0x08007408                TAMP_STAMP_IRQHandler
                0x08007408                PendSV_Handler
                0x08007408                NMI_Handler
                0x08007408                I2C3_ER_IRQHandler
                0x08007408                I2C2_EV_IRQHandler
                0x08007408                DMA1_Stream2_IRQHandler
                0x08007408                FPU_IRQHandler
                0x08007408                UsageFault_Handler
                0x08007408                DMA2_Stream2_IRQHandler
                0x08007408                SPI1_IRQHandler
                0x08007408                DMA2_Stream3_IRQHandler
                0x08007408                DMA2_Stream0_IRQHandler
                0x08007408                I2C1_EV_IRQHandler
                0x08007408                DMA1_Stream6_IRQHandler
                0x08007408                DMA1_Stream1_IRQHandler
                0x08007408                RCC_IRQHandler
                0x08007408                Default_Handler
                0x08007408                ADC_IRQHandler
                0x08007408                DMA1_Stream7_IRQHandler
                0x08007408                SPI5_IRQHandler
                0x08007408                DMA2_Stream7_IRQHandler
                0x08007408                I2C3_EV_IRQHandler
                0x08007408                RTC_WKUP_IRQHandler
                0x08007408                SPI2_IRQHandler
                0x08007408                MemManage_Handler
                0x08007408                DMA1_Stream0_IRQHandler
                0x08007408                SVC_Handler
                0x08007408                WWDG_IRQHandler
                0x08007408                I2C2_ER_IRQHandler
                0x08007408                DMA2_Stream1_IRQHandler
                0x08007408                FLASH_IRQHandler
                0x08007408                DMA2_Stream4_IRQHandler
                0x08007408                BusFault_Handler
                0x08007408                SPI3_IRQHandler
                0x08007408                DMA1_Stream4_IRQHandler
                0x08007408                I2C1_ER_IRQHandler
                0x08007408                DMA2_Stream6_IRQHandler
                0x08007408                DMA1_Stream3_IRQHandler
 *fill*         0x0800740a        0x2 
 .text.pinMode  0x0800740c       0xbc .pio/build/blackpill_f411ce/libFrameworkArduino.a(wiring_digital.c.o)
                0x0800740c                pinMode
 .text.digitalWrite
                0x080074c8       0x70 .pio/build/blackpill_f411ce/libFrameworkArduino.a(wiring_digital.c.o)
                0x080074c8                digitalWrite
 .text.digitalRead
                0x08007538       0x68 .pio/build/blackpill_f411ce/libFrameworkArduino.a(wiring_digital.c.o)
                0x08007538                digitalRead
 .text.millis   0x080075a0        0x4 .pio/build/blackpill_f411ce/libFrameworkArduino.a(wiring_time.c.o)
                0x080075a0                millis
 .text.micros   0x080075a4        0x4 .pio/build/blackpill_f411ce/libFrameworkArduino.a(wiring_time.c.o)
                0x080075a4                micros
 .text.delay    0x080075a8       0x1c .pio/build/blackpill_f411ce/libFrameworkArduino.a(wiring_time.c.o)
                0x080075a8                delay
 .text._Z14serialEventRunv
                0x080075c4       0x34 .pio/build/blackpill_f411ce/libFrameworkArduino.a(WSerial.cpp.o)
                0x080075c4                serialEventRun()
 .text.init     0x080075f8        0x4 .pio/build/blackpill_f411ce/libFrameworkArduino.a(board.c.o)
                0x080075f8                init
 .text._ZN14HardwareSerial9availableEv
                0x080075fc       0x10 .pio/build/blackpill_f411ce/libFrameworkArduino.a(HardwareSerial.cpp.o)
                0x080075fc                HardwareSerial::available()
 .text._ZN14HardwareSerial4peekEv
                0x0800760c       0x1a .pio/build/blackpill_f411ce/libFrameworkArduino.a(HardwareSerial.cpp.o)
                0x0800760c                HardwareSerial::peek()
 .text._ZN14HardwareSerial17availableForWriteEv
                0x08007626       0x1c .pio/build/blackpill_f411ce/libFrameworkArduino.a(HardwareSerial.cpp.o)
                0x08007626                HardwareSerial::availableForWrite()
 .text._ZN14HardwareSerial5writeEh
                0x08007642       0x18 .pio/build/blackpill_f411ce/libFrameworkArduino.a(HardwareSerial.cpp.o)
                0x08007642                HardwareSerial::write(unsigned char)
 *fill*         0x0800765a        0x2 
 .text._ZN14HardwareSerial16_tx_complete_irqEP8serial_s
                0x0800765c       0x60 .pio/build/blackpill_f411ce/libFrameworkArduino.a(HardwareSerial.cpp.o)
                0x0800765c                HardwareSerial::_tx_complete_irq(serial_s*)
 .text._ZN14HardwareSerial5writeEPKhj
                0x080076bc       0xe4 .pio/build/blackpill_f411ce/libFrameworkArduino.a(HardwareSerial.cpp.o)
                0x080076bc                HardwareSerial::write(unsigned char const*, unsigned int)
 .text._ZN14HardwareSerial4initE7PinNameS0_S0_S0_
                0x080077a0       0x32 .pio/build/blackpill_f411ce/libFrameworkArduino.a(HardwareSerial.cpp.o)
                0x080077a0                HardwareSerial::init(PinName, PinName, PinName, PinName)
 *fill*         0x080077d2        0x2 
 .text._ZN14HardwareSerialC2EPv16HalfDuplexMode_t
                0x080077d4       0x80 .pio/build/blackpill_f411ce/libFrameworkArduino.a(HardwareSerial.cpp.o)
                0x080077d4                HardwareSerial::HardwareSerial(void*, HalfDuplexMode_t)
                0x080077d4                HardwareSerial::HardwareSerial(void*, HalfDuplexMode_t)
 .text._ZN14HardwareSerial5flushEm
                0x08007854       0x36 .pio/build/blackpill_f411ce/libFrameworkArduino.a(HardwareSerial.cpp.o)
                0x08007854                HardwareSerial::flush(unsigned long)
 .text._ZN14HardwareSerial5flushEv
                0x0800788a        0x6 .pio/build/blackpill_f411ce/libFrameworkArduino.a(HardwareSerial.cpp.o)
                0x0800788a                HardwareSerial::flush()
 .text._ZN14HardwareSerial18enableHalfDuplexRxEv
                0x08007890       0x2c .pio/build/blackpill_f411ce/libFrameworkArduino.a(HardwareSerial.cpp.o)
                0x08007890                HardwareSerial::enableHalfDuplexRx()
 .text._ZN14HardwareSerial4readEv
                0x080078bc       0x2e .pio/build/blackpill_f411ce/libFrameworkArduino.a(HardwareSerial.cpp.o)
                0x080078bc                HardwareSerial::read()
 *fill*         0x080078ea        0x2 
 .text.startup._GLOBAL__sub_I_Serial1
                0x080078ec       0x14 .pio/build/blackpill_f411ce/libFrameworkArduino.a(HardwareSerial.cpp.o)
 .text.__udivmoddi4
                0x08007900      0x2bc c:/users/lm2cc/.platformio/packages/toolchain-gccarmnoneeabi/bin/../lib/gcc/arm-none-eabi/12.3.1/thumb/v7e-m+fp/hard\libgcc.a(_udivmoddi4.o)
                0x08007900                __udivmoddi4
 .text.unlikely._ZSt25__throw_bad_function_callv
                0x08007bbc        0x6 c:/users/lm2cc/.platformio/packages/toolchain-gccarmnoneeabi/bin/../lib/gcc/arm-none-eabi/12.3.1/../../../../arm-none-eabi/lib/thumb/v7e-m+fp/hard\libstdc++_nano.a(functional.o)
                0x08007bbc                std::__throw_bad_function_call()
 *fill*         0x08007bc2        0x2 
 .text.sqrt     0x08007bc4       0x68 c:/users/lm2cc/.platformio/packages/toolchain-gccarmnoneeabi/bin/../lib/gcc/arm-none-eabi/12.3.1/../../../../arm-none-eabi/lib/thumb/v7e-m+fp/hard\libm.a(libm_a-w_sqrt.o)
                0x08007bc4                sqrt
 .text.__ieee754_sqrt
                0x08007c2c      0x1f4 c:/users/lm2cc/.platformio/packages/toolchain-gccarmnoneeabi/bin/../lib/gcc/arm-none-eabi/12.3.1/../../../../arm-none-eabi/lib/thumb/v7e-m+fp/hard\libm.a(libm_a-e_sqrt.o)
                0x08007c2c                __ieee754_sqrt
 .text.abort    0x08007e20        0xe c:/users/lm2cc/.platformio/packages/toolchain-gccarmnoneeabi/bin/../lib/gcc/arm-none-eabi/12.3.1/../../../../arm-none-eabi/lib/thumb/v7e-m+fp/hard\libc_nano.a(libc_a-abort.o)
                0x08007e20                abort
 .text.atof     0x08007e2e        0x6 c:/users/lm2cc/.platformio/packages/toolchain-gccarmnoneeabi/bin/../lib/gcc/arm-none-eabi/12.3.1/../../../../arm-none-eabi/lib/thumb/v7e-m+fp/hard\libc_nano.a(libc_a-atof.o)
                0x08007e2e                atof
 .text.malloc   0x08007e34       0x10 c:/users/lm2cc/.platformio/packages/toolchain-gccarmnoneeabi/bin/../lib/gcc/arm-none-eabi/12.3.1/../../../../arm-none-eabi/lib/thumb/v7e-m+fp/hard\libc_nano.a(libc_a-malloc.o)
                0x08007e34                malloc
 .text.free     0x08007e44       0x10 c:/users/lm2cc/.platformio/packages/toolchain-gccarmnoneeabi/bin/../lib/gcc/arm-none-eabi/12.3.1/../../../../arm-none-eabi/lib/thumb/v7e-m+fp/hard\libc_nano.a(libc_a-malloc.o)
                0x08007e44                free
 .text.sbrk_aligned
                0x08007e54       0x44 c:/users/lm2cc/.platformio/packages/toolchain-gccarmnoneeabi/bin/../lib/gcc/arm-none-eabi/12.3.1/../../../../arm-none-eabi/lib/thumb/v7e-m+fp/hard\libc_nano.a(libc_a-mallocr.o)
 .text._malloc_r
                0x08007e98      0x100 c:/users/lm2cc/.platformio/packages/toolchain-gccarmnoneeabi/bin/../lib/gcc/arm-none-eabi/12.3.1/../../../../arm-none-eabi/lib/thumb/v7e-m+fp/hard\libc_nano.a(libc_a-mallocr.o)
                0x08007e98                _malloc_r
 .text.__malloc_lock
                0x08007f98        0xc c:/users/lm2cc/.platformio/packages/toolchain-gccarmnoneeabi/bin/../lib/gcc/arm-none-eabi/12.3.1/../../../../arm-none-eabi/lib/thumb/v7e-m+fp/hard\libc_nano.a(libc_a-mlock.o)
                0x08007f98                __malloc_lock
 .text.__malloc_unlock
                0x08007fa4        0xc c:/users/lm2cc/.platformio/packages/toolchain-gccarmnoneeabi/bin/../lib/gcc/arm-none-eabi/12.3.1/../../../../arm-none-eabi/lib/thumb/v7e-m+fp/hard\libc_nano.a(libc_a-mlock.o)
                0x08007fa4                __malloc_unlock
 .text.realloc  0x08007fb0       0x10 c:/users/lm2cc/.platformio/packages/toolchain-gccarmnoneeabi/bin/../lib/gcc/arm-none-eabi/12.3.1/../../../../arm-none-eabi/lib/thumb/v7e-m+fp/hard\libc_nano.a(libc_a-realloc.o)
                0x08007fb0                realloc
 .text._realloc_r
                0x08007fc0       0x5c c:/users/lm2cc/.platformio/packages/toolchain-gccarmnoneeabi/bin/../lib/gcc/arm-none-eabi/12.3.1/../../../../arm-none-eabi/lib/thumb/v7e-m+fp/hard\libc_nano.a(libc_a-reallocr.o)
                0x08007fc0                _realloc_r
 .text.sulp     0x0800801c       0x3c c:/users/lm2cc/.platformio/packages/toolchain-gccarmnoneeabi/bin/../lib/gcc/arm-none-eabi/12.3.1/../../../../arm-none-eabi/lib/thumb/v7e-m+fp/hard\libc_nano.a(libc_a-strtod.o)
 .text._strtod_l
                0x08008058      0xc08 c:/users/lm2cc/.platformio/packages/toolchain-gccarmnoneeabi/bin/../lib/gcc/arm-none-eabi/12.3.1/../../../../arm-none-eabi/lib/thumb/v7e-m+fp/hard\libc_nano.a(libc_a-strtod.o)
                0x08008058                _strtod_l
 .text.strtod   0x08008c60       0x18 c:/users/lm2cc/.platformio/packages/toolchain-gccarmnoneeabi/bin/../lib/gcc/arm-none-eabi/12.3.1/../../../../arm-none-eabi/lib/thumb/v7e-m+fp/hard\libc_nano.a(libc_a-strtod.o)
                0x08008c60                strtod
 .text.std      0x08008c78       0x6c c:/users/lm2cc/.platformio/packages/toolchain-gccarmnoneeabi/bin/../lib/gcc/arm-none-eabi/12.3.1/../../../../arm-none-eabi/lib/thumb/v7e-m+fp/hard\libc_nano.a(libc_a-findfp.o)
 .text.stdio_exit_handler
                0x08008ce4       0x18 c:/users/lm2cc/.platformio/packages/toolchain-gccarmnoneeabi/bin/../lib/gcc/arm-none-eabi/12.3.1/../../../../arm-none-eabi/lib/thumb/v7e-m+fp/hard\libc_nano.a(libc_a-findfp.o)
 .text.cleanup_stdio
                0x08008cfc       0x40 c:/users/lm2cc/.platformio/packages/toolchain-gccarmnoneeabi/bin/../lib/gcc/arm-none-eabi/12.3.1/../../../../arm-none-eabi/lib/thumb/v7e-m+fp/hard\libc_nano.a(libc_a-findfp.o)
 .text.global_stdio_init.part.0
                0x08008d3c       0x3c c:/users/lm2cc/.platformio/packages/toolchain-gccarmnoneeabi/bin/../lib/gcc/arm-none-eabi/12.3.1/../../../../arm-none-eabi/lib/thumb/v7e-m+fp/hard\libc_nano.a(libc_a-findfp.o)
 .text.__sfp_lock_acquire
                0x08008d78        0xc c:/users/lm2cc/.platformio/packages/toolchain-gccarmnoneeabi/bin/../lib/gcc/arm-none-eabi/12.3.1/../../../../arm-none-eabi/lib/thumb/v7e-m+fp/hard\libc_nano.a(libc_a-findfp.o)
                0x08008d78                __sfp_lock_acquire
 .text.__sfp_lock_release
                0x08008d84        0xc c:/users/lm2cc/.platformio/packages/toolchain-gccarmnoneeabi/bin/../lib/gcc/arm-none-eabi/12.3.1/../../../../arm-none-eabi/lib/thumb/v7e-m+fp/hard\libc_nano.a(libc_a-findfp.o)
                0x08008d84                __sfp_lock_release
 .text.__sinit  0x08008d90       0x30 c:/users/lm2cc/.platformio/packages/toolchain-gccarmnoneeabi/bin/../lib/gcc/arm-none-eabi/12.3.1/../../../../arm-none-eabi/lib/thumb/v7e-m+fp/hard\libc_nano.a(libc_a-findfp.o)
                0x08008d90                __sinit
 .text._fwalk_sglue
                0x08008dc0       0x3c c:/users/lm2cc/.platformio/packages/toolchain-gccarmnoneeabi/bin/../lib/gcc/arm-none-eabi/12.3.1/../../../../arm-none-eabi/lib/thumb/v7e-m+fp/hard\libc_nano.a(libc_a-fwalk.o)
                0x08008dc0                _fwalk_sglue
 .text.__sread  0x08008dfc       0x22 c:/users/lm2cc/.platformio/packages/toolchain-gccarmnoneeabi/bin/../lib/gcc/arm-none-eabi/12.3.1/../../../../arm-none-eabi/lib/thumb/v7e-m+fp/hard\libc_nano.a(libc_a-stdio.o)
                0x08008dfc                __sread
 .text.__swrite
                0x08008e1e       0x38 c:/users/lm2cc/.platformio/packages/toolchain-gccarmnoneeabi/bin/../lib/gcc/arm-none-eabi/12.3.1/../../../../arm-none-eabi/lib/thumb/v7e-m+fp/hard\libc_nano.a(libc_a-stdio.o)
                0x08008e1e                __swrite
 .text.__sseek  0x08008e56       0x24 c:/users/lm2cc/.platformio/packages/toolchain-gccarmnoneeabi/bin/../lib/gcc/arm-none-eabi/12.3.1/../../../../arm-none-eabi/lib/thumb/v7e-m+fp/hard\libc_nano.a(libc_a-stdio.o)
                0x08008e56                __sseek
 .text.__sclose
                0x08008e7a        0x8 c:/users/lm2cc/.platformio/packages/toolchain-gccarmnoneeabi/bin/../lib/gcc/arm-none-eabi/12.3.1/../../../../arm-none-eabi/lib/thumb/v7e-m+fp/hard\libc_nano.a(libc_a-stdio.o)